Archive member included to satisfy reference by file (symbol)

/opt/stm32cubeide/plugins/com.st.stm32cube.ide.mcu.externaltools.gnu-tools-for-stm32.7-2018-q2-update.linux64_1.4.0.202007081208/tools/bin/../lib/gcc/arm-none-eabi/7.3.1/../../../../arm-none-eabi/lib/thumb/v7e-m/fpv4-sp/hard/libc_nano.a(lib_a-errno.o)
                              Core/Src/syscalls.o (__errno)
/opt/stm32cubeide/plugins/com.st.stm32cube.ide.mcu.externaltools.gnu-tools-for-stm32.7-2018-q2-update.linux64_1.4.0.202007081208/tools/bin/../lib/gcc/arm-none-eabi/7.3.1/../../../../arm-none-eabi/lib/thumb/v7e-m/fpv4-sp/hard/libc_nano.a(lib_a-exit.o)
                              /opt/stm32cubeide/plugins/com.st.stm32cube.ide.mcu.externaltools.gnu-tools-for-stm32.7-2018-q2-update.linux64_1.4.0.202007081208/tools/bin/../lib/gcc/arm-none-eabi/7.3.1/../../../../arm-none-eabi/lib/thumb/v7e-m/fpv4-sp/hard/crt0.o (exit)
/opt/stm32cubeide/plugins/com.st.stm32cube.ide.mcu.externaltools.gnu-tools-for-stm32.7-2018-q2-update.linux64_1.4.0.202007081208/tools/bin/../lib/gcc/arm-none-eabi/7.3.1/../../../../arm-none-eabi/lib/thumb/v7e-m/fpv4-sp/hard/libc_nano.a(lib_a-impure.o)
                              /opt/stm32cubeide/plugins/com.st.stm32cube.ide.mcu.externaltools.gnu-tools-for-stm32.7-2018-q2-update.linux64_1.4.0.202007081208/tools/bin/../lib/gcc/arm-none-eabi/7.3.1/../../../../arm-none-eabi/lib/thumb/v7e-m/fpv4-sp/hard/libc_nano.a(lib_a-exit.o) (_global_impure_ptr)
/opt/stm32cubeide/plugins/com.st.stm32cube.ide.mcu.externaltools.gnu-tools-for-stm32.7-2018-q2-update.linux64_1.4.0.202007081208/tools/bin/../lib/gcc/arm-none-eabi/7.3.1/../../../../arm-none-eabi/lib/thumb/v7e-m/fpv4-sp/hard/libc_nano.a(lib_a-init.o)
                              /opt/stm32cubeide/plugins/com.st.stm32cube.ide.mcu.externaltools.gnu-tools-for-stm32.7-2018-q2-update.linux64_1.4.0.202007081208/tools/bin/../lib/gcc/arm-none-eabi/7.3.1/../../../../arm-none-eabi/lib/thumb/v7e-m/fpv4-sp/hard/crt0.o (__libc_init_array)
/opt/stm32cubeide/plugins/com.st.stm32cube.ide.mcu.externaltools.gnu-tools-for-stm32.7-2018-q2-update.linux64_1.4.0.202007081208/tools/bin/../lib/gcc/arm-none-eabi/7.3.1/../../../../arm-none-eabi/lib/thumb/v7e-m/fpv4-sp/hard/libc_nano.a(lib_a-malloc.o)
                              Middlewares/ST/STM32_USB_Device_Library/Class/CDC/Src/usbd_cdc.o (malloc)
/opt/stm32cubeide/plugins/com.st.stm32cube.ide.mcu.externaltools.gnu-tools-for-stm32.7-2018-q2-update.linux64_1.4.0.202007081208/tools/bin/../lib/gcc/arm-none-eabi/7.3.1/../../../../arm-none-eabi/lib/thumb/v7e-m/fpv4-sp/hard/libc_nano.a(lib_a-memset.o)
                              /opt/stm32cubeide/plugins/com.st.stm32cube.ide.mcu.externaltools.gnu-tools-for-stm32.7-2018-q2-update.linux64_1.4.0.202007081208/tools/bin/../lib/gcc/arm-none-eabi/7.3.1/../../../../arm-none-eabi/lib/thumb/v7e-m/fpv4-sp/hard/crt0.o (memset)
/opt/stm32cubeide/plugins/com.st.stm32cube.ide.mcu.externaltools.gnu-tools-for-stm32.7-2018-q2-update.linux64_1.4.0.202007081208/tools/bin/../lib/gcc/arm-none-eabi/7.3.1/../../../../arm-none-eabi/lib/thumb/v7e-m/fpv4-sp/hard/libc_nano.a(lib_a-nano-freer.o)
                              /opt/stm32cubeide/plugins/com.st.stm32cube.ide.mcu.externaltools.gnu-tools-for-stm32.7-2018-q2-update.linux64_1.4.0.202007081208/tools/bin/../lib/gcc/arm-none-eabi/7.3.1/../../../../arm-none-eabi/lib/thumb/v7e-m/fpv4-sp/hard/libc_nano.a(lib_a-malloc.o) (_free_r)
/opt/stm32cubeide/plugins/com.st.stm32cube.ide.mcu.externaltools.gnu-tools-for-stm32.7-2018-q2-update.linux64_1.4.0.202007081208/tools/bin/../lib/gcc/arm-none-eabi/7.3.1/../../../../arm-none-eabi/lib/thumb/v7e-m/fpv4-sp/hard/libc_nano.a(lib_a-nano-mallocr.o)
                              /opt/stm32cubeide/plugins/com.st.stm32cube.ide.mcu.externaltools.gnu-tools-for-stm32.7-2018-q2-update.linux64_1.4.0.202007081208/tools/bin/../lib/gcc/arm-none-eabi/7.3.1/../../../../arm-none-eabi/lib/thumb/v7e-m/fpv4-sp/hard/libc_nano.a(lib_a-malloc.o) (_malloc_r)
/opt/stm32cubeide/plugins/com.st.stm32cube.ide.mcu.externaltools.gnu-tools-for-stm32.7-2018-q2-update.linux64_1.4.0.202007081208/tools/bin/../lib/gcc/arm-none-eabi/7.3.1/../../../../arm-none-eabi/lib/thumb/v7e-m/fpv4-sp/hard/libc_nano.a(lib_a-sbrkr.o)
                              /opt/stm32cubeide/plugins/com.st.stm32cube.ide.mcu.externaltools.gnu-tools-for-stm32.7-2018-q2-update.linux64_1.4.0.202007081208/tools/bin/../lib/gcc/arm-none-eabi/7.3.1/../../../../arm-none-eabi/lib/thumb/v7e-m/fpv4-sp/hard/libc_nano.a(lib_a-nano-mallocr.o) (_sbrk_r)
/opt/stm32cubeide/plugins/com.st.stm32cube.ide.mcu.externaltools.gnu-tools-for-stm32.7-2018-q2-update.linux64_1.4.0.202007081208/tools/bin/../lib/gcc/arm-none-eabi/7.3.1/../../../../arm-none-eabi/lib/thumb/v7e-m/fpv4-sp/hard/libc_nano.a(lib_a-mlock.o)
[...]
Memory Configuration

Name             Origin             Length             Attributes
RAM              0x0000000020000000 0x0000000000020000 xrw
FLASH            0x0000000008000000 0x0000000000080000 xr
*default*        0x0000000000000000 0xffffffffffffffff

Linker script and memory map

LOAD /opt/stm32cubeide/plugins/com.st.stm32cube.ide.mcu.externaltools.gnu-tools-for-stm32.7-2018-q2-update.linux64_1.4.0.202007081208/tools/bin/../lib/gcc/arm-none-eabi/7.3.1/thumb/v7e-m/fpv4-sp/hard/crti.o
LOAD /opt/stm32cubeide/plugins/com.st.stm32cube.ide.mcu.externaltools.gnu-tools-for-stm32.7-2018-q2-update.linux64_1.4.0.202007081208/tools/bin/../lib/gcc/arm-none-eabi/7.3.1/thumb/v7e-m/fpv4-sp/hard/crtbegin.o
LOAD /opt/stm32cubeide/plugins/com.st.stm32cube.ide.mcu.externaltools.gnu-tools-for-stm32.7-2018-q2-update.linux64_1.4.0.202007081208/tools/bin/../lib/gcc/arm-none-eabi/7.3.1/../../../../arm-none-eabi/lib/thumb/v7e-m/fpv4-sp/hard/crt0.o
LOAD Core/Src/can.o
LOAD Core/Src/led.o
LOAD Core/Src/main.o
LOAD Core/Src/slcan.o
LOAD Core/Src/stm32f4xx_hal_msp.o
LOAD Core/Src/stm32f4xx_it.o
LOAD Core/Src/syscalls.o
LOAD Core/Src/sysmem.o
LOAD Core/Src/system_stm32f4xx.o
LOAD Core/Startup/startup_stm32f446zetx.o
LOAD Drivers/STM32F4xx_HAL_Driver/Src/stm32f4xx_hal.o
LOAD Drivers/STM32F4xx_HAL_Driver/Src/stm32f4xx_hal_can.o
LOAD Drivers/STM32F4xx_HAL_Driver/Src/stm32f4xx_hal_cortex.o
LOAD Drivers/STM32F4xx_HAL_Driver/Src/stm32f4xx_hal_dma.o
LOAD Drivers/STM32F4xx_HAL_Driver/Src/stm32f4xx_hal_dma_ex.o
LOAD Drivers/STM32F4xx_HAL_Driver/Src/stm32f4xx_hal_exti.o
LOAD Drivers/STM32F4xx_HAL_Driver/Src/stm32f4xx_hal_flash.o
LOAD Drivers/STM32F4xx_HAL_Driver/Src/stm32f4xx_hal_flash_ex.o
LOAD Drivers/STM32F4xx_HAL_Driver/Src/stm32f4xx_hal_flash_ramfunc.o
LOAD Drivers/STM32F4xx_HAL_Driver/Src/stm32f4xx_hal_gpio.o
LOAD Drivers/STM32F4xx_HAL_Driver/Src/stm32f4xx_hal_pcd.o
LOAD Drivers/STM32F4xx_HAL_Driver/Src/stm32f4xx_hal_pcd_ex.o
LOAD Drivers/STM32F4xx_HAL_Driver/Src/stm32f4xx_hal_pwr.o
LOAD Drivers/STM32F4xx_HAL_Driver/Src/stm32f4xx_hal_pwr_ex.o
LOAD Drivers/STM32F4xx_HAL_Driver/Src/stm32f4xx_hal_rcc.o
LOAD Drivers/STM32F4xx_HAL_Driver/Src/stm32f4xx_hal_rcc_ex.o
LOAD Drivers/STM32F4xx_HAL_Driver/Src/stm32f4xx_hal_tim.o
LOAD Drivers/STM32F4xx_HAL_Driver/Src/stm32f4xx_hal_tim_ex.o
LOAD Drivers/STM32F4xx_HAL_Driver/Src/stm32f4xx_hal_uart.o
LOAD Drivers/STM32F4xx_HAL_Driver/Src/stm32f4xx_ll_usb.o
LOAD Middlewares/ST/STM32_USB_Device_Library/Class/CDC/Src/usbd_cdc.o
LOAD Middlewares/ST/STM32_USB_Device_Library/Core/Src/usbd_core.o
LOAD Middlewares/ST/STM32_USB_Device_Library/Core/Src/usbd_ctlreq.o
LOAD Middlewares/ST/STM32_USB_Device_Library/Core/Src/usbd_ioreq.o
LOAD USB_DEVICE/App/usb_device.o
LOAD USB_DEVICE/App/usbd_cdc_if.o
LOAD USB_DEVICE/App/usbd_desc.o
LOAD USB_DEVICE/Target/usbd_conf.o
START GROUP
LOAD /opt/stm32cubeide/plugins/com.st.stm32cube.ide.mcu.externaltools.gnu-tools-for-stm32.7-2018-q2-update.linux64_1.4.0.202007081208/tools/bin/../lib/gcc/arm-none-eabi/7.3.1/../../../../arm-none-eabi/lib/thumb/v7e-m/fpv4-sp/hard/libc_nano.a
LOAD /opt/stm32cubeide/plugins/com.st.stm32cube.ide.mcu.externaltools.gnu-tools-for-stm32.7-2018-q2-update.linux64_1.4.0.202007081208/tools/bin/../lib/gcc/arm-none-eabi/7.3.1/../../../../arm-none-eabi/lib/thumb/v7e-m/fpv4-sp/hard/libm.a
END GROUP
START GROUP
LOAD /opt/stm32cubeide/plugins/com.st.stm32cube.ide.mcu.externaltools.gnu-tools-for-stm32.7-2018-q2-update.linux64_1.4.0.202007081208/tools/bin/../lib/gcc/arm-none-eabi/7.3.1/thumb/v7e-m/fpv4-sp/hard/libgcc.a
LOAD /opt/stm32cubeide/plugins/com.st.stm32cube.ide.mcu.externaltools.gnu-tools-for-stm32.7-2018-q2-update.linux64_1.4.0.202007081208/tools/bin/../lib/gcc/arm-none-eabi/7.3.1/../../../../arm-none-eabi/lib/thumb/v7e-m/fpv4-sp/hard/libc_nano.a
END GROUP
START GROUP
LOAD /opt/stm32cubeide/plugins/com.st.stm32cube.ide.mcu.externaltools.gnu-tools-for-stm32.7-2018-q2-update.linux64_1.4.0.202007081208/tools/bin/../lib/gcc/arm-none-eabi/7.3.1/thumb/v7e-m/fpv4-sp/hard/libgcc.a
LOAD /opt/stm32cubeide/plugins/com.st.stm32cube.ide.mcu.externaltools.gnu-tools-for-stm32.7-2018-q2-update.linux64_1.4.0.202007081208/tools/bin/../lib/gcc/arm-none-eabi/7.3.1/../../../../arm-none-eabi/lib/thumb/v7e-m/fpv4-sp/hard/libc_nano.a
LOAD /opt/stm32cubeide/plugins/com.st.stm32cube.ide.mcu.externaltools.gnu-tools-for-stm32.7-2018-q2-update.linux64_1.4.0.202007081208/tools/bin/../lib/gcc/arm-none-eabi/7.3.1/../../../../arm-none-eabi/lib/thumb/v7e-m/fpv4-sp/hard/libnosys.a
END GROUP
START GROUP
LOAD /opt/stm32cubeide/plugins/com.st.stm32cube.ide.mcu.externaltools.gnu-tools-for-stm32.7-2018-q2-update.linux64_1.4.0.202007081208/tools/bin/../lib/gcc/arm-none-eabi/7.3.1/thumb/v7e-m/fpv4-sp/hard/libgcc.a
LOAD /opt/stm32cubeide/plugins/com.st.stm32cube.ide.mcu.externaltools.gnu-tools-for-stm32.7-2018-q2-update.linux64_1.4.0.202007081208/tools/bin/../lib/gcc/arm-none-eabi/7.3.1/../../../../arm-none-eabi/lib/thumb/v7e-m/fpv4-sp/hard/libc_nano.a
LOAD /opt/stm32cubeide/plugins/com.st.stm32cube.ide.mcu.externaltools.gnu-tools-for-stm32.7-2018-q2-update.linux64_1.4.0.202007081208/tools/bin/../lib/gcc/arm-none-eabi/7.3.1/../../../../arm-none-eabi/lib/thumb/v7e-m/fpv4-sp/hard/libnosys.a
END GROUP
LOAD /opt/stm32cubeide/plugins/com.st.stm32cube.ide.mcu.externaltools.gnu-tools-for-stm32.7-2018-q2-update.linux64_1.4.0.202007081208/tools/bin/../lib/gcc/arm-none-eabi/7.3.1/thumb/v7e-m/fpv4-sp/hard/crtend.o
LOAD /opt/stm32cubeide/plugins/com.st.stm32cube.ide.mcu.externaltools.gnu-tools-for-stm32.7-2018-q2-update.linux64_1.4.0.202007081208/tools/bin/../lib/gcc/arm-none-eabi/7.3.1/thumb/v7e-m/fpv4-sp/hard/crtn.o
                0x0000000020020000                _estack = (ORIGIN (RAM) + LENGTH (RAM))
                0x0000000000000200                _Min_Heap_Size = 0x200
                0x0000000000000400                _Min_Stack_Size = 0x400

.isr_vector     0x0000000008000000      0x1c4
                0x0000000008000000                . = ALIGN (0x4)
 *(.isr_vector)
 .isr_vector    0x0000000008000000      0x1c4 Core/Startup/startup_stm32f446zetx.o
                0x0000000008000000                g_pfnVectors
                0x00000000080001c4                . = ALIGN (0x4)

.text           0x00000000080001c4     0x94b4
                0x00000000080001c4                . = ALIGN (0x4)
 *(.text)
 .text          0x00000000080001c4       0x40 /opt/stm32cubeide/plugins/com.st.stm32cube.ide.mcu.externaltools.gnu-tools-for-stm32.7-2018-q2-update.linux64_1.4.0.202007081208/tools/bin/../lib/gcc/arm-none-eabi/7.3.1/thumb/v7e-m/fpv4-sp/hard/crtbegin.o
 .text          0x0000000008000204       0x30 /opt/stm32cubeide/plugins/com.st.stm32cube.ide.mcu.externaltools.gnu-tools-for-stm32.7-2018-q2-update.linux64_1.4.0.202007081208/tools/bin/../lib/gcc/arm-none-eabi/7.3.1/thumb/v7e-m/fpv4-sp/hard/libgcc.a(_aeabi_uldivmod.o)
                0x0000000008000204                __aeabi_uldivmod
 .text          0x0000000008000234      0x2cc /opt/stm32cubeide/plugins/com.st.stm32cube.ide.mcu.externaltools.gnu-tools-for-stm32.7-2018-q2-update.linux64_1.4.0.202007081208/tools/bin/../lib/gcc/arm-none-eabi/7.3.1/thumb/v7e-m/fpv4-sp/hard/libgcc.a(_udivmoddi4.o)
                0x0000000008000234                __udivmoddi4
 .text          0x0000000008000500        0x4 /opt/stm32cubeide/plugins/com.st.stm32cube.ide.mcu.externaltools.gnu-tools-for-stm32.7-2018-q2-update.linux64_1.4.0.202007081208/tools/bin/../lib/gcc/arm-none-eabi/7.3.1/thumb/v7e-m/fpv4-sp/hard/libgcc.a(_dvmd_tls.o)
                0x0000000008000500                __aeabi_ldiv0
                0x0000000008000500                __aeabi_idiv0
 *(.text*)
 .text.CAN_SetFilter
                0x0000000008000504       0x78 Core/Src/can.o
                0x0000000008000504                CAN_SetFilter
 .text.CAN_SetBitRate
                0x000000000800057c       0xcc Core/Src/can.o
                0x000000000800057c                CAN_SetBitRate
 .text.CAN_SetMode
                0x0000000008000648       0x9c Core/Src/can.o
                0x0000000008000648                CAN_SetMode
 .text.LED_RedForceOn
                0x00000000080006e4       0x28 Core/Src/led.o
                0x00000000080006e4                LED_RedForceOn
 .text.LED_RedOn
                0x000000000800070c       0x44 Core/Src/led.o
                0x000000000800070c                LED_RedOn
 .text.LED_GreenOn
                0x0000000008000750       0x40 Core/Src/led.o
                0x0000000008000750                LED_GreenOn
 .text.LED_BlueOn
                0x0000000008000790       0x40 Core/Src/led.o
                0x0000000008000790                LED_BlueOn
 .text.LED_Process
                0x00000000080007d0       0xbc Core/Src/led.o
                0x00000000080007d0                LED_Process
 .text.main     0x000000000800088c      0x57c Core/Src/main.o
                0x000000000800088c                main
 .text.SystemClock_Config
                0x0000000008000e08      0x114 Core/Src/main.o
                0x0000000008000e08                SystemClock_Config
 .text.MX_CAN1_Init
                0x0000000008000f1c       0x70 Core/Src/main.o
 .text.MX_USART3_UART_Init
                0x0000000008000f8c       0x54 Core/Src/main.o
 .text.MX_GPIO_Init
                0x0000000008000fe0      0x15c Core/Src/main.o
 .text.strcopy  0x000000000800113c       0x4c Core/Src/main.o
                0x000000000800113c                strcopy
 .text.Error_Handler
                0x0000000008001188        0xe Core/Src/main.o
                0x0000000008001188                Error_Handler
 *fill*         0x0000000008001196        0x2 
 .text.SLCAN_Parse_Frame
                0x0000000008001198      0x210 Core/Src/slcan.o
                0x0000000008001198                SLCAN_Parse_Frame
 .text.SLCAN_Parse_Str
                0x00000000080013a8      0x7c0 Core/Src/slcan.o
                0x00000000080013a8                SLCAN_Parse_Str
 .text.ClearSLCAN
                0x0000000008001b68       0x34 Core/Src/slcan.o
                0x0000000008001b68                ClearSLCAN
 .text.HAL_MspInit
                0x0000000008001b9c       0x50 Core/Src/stm32f4xx_hal_msp.o
                0x0000000008001b9c                HAL_MspInit
 .text.HAL_CAN_MspInit
                0x0000000008001bec       0x90 Core/Src/stm32f4xx_hal_msp.o
                0x0000000008001bec                HAL_CAN_MspInit
 .text.HAL_UART_MspInit
                0x0000000008001c7c       0x90 Core/Src/stm32f4xx_hal_msp.o
                0x0000000008001c7c                HAL_UART_MspInit
 .text.NMI_Handler
                0x0000000008001d0c        0xe Core/Src/stm32f4xx_it.o
                0x0000000008001d0c                NMI_Handler
 .text.HardFault_Handler
                0x0000000008001d1a        0x6 Core/Src/stm32f4xx_it.o
                0x0000000008001d1a                HardFault_Handler
 .text.MemManage_Handler
                0x0000000008001d20        0x6 Core/Src/stm32f4xx_it.o
                0x0000000008001d20                MemManage_Handler
 .text.BusFault_Handler
                0x0000000008001d26        0x6 Core/Src/stm32f4xx_it.o
                0x0000000008001d26                BusFault_Handler
 .text.UsageFault_Handler
                0x0000000008001d2c        0x6 Core/Src/stm32f4xx_it.o
                0x0000000008001d2c                UsageFault_Handler
 .text.SVC_Handler
                0x0000000008001d32        0xe Core/Src/stm32f4xx_it.o
                0x0000000008001d32                SVC_Handler
 .text.DebugMon_Handler
                0x0000000008001d40        0xe Core/Src/stm32f4xx_it.o
                0x0000000008001d40                DebugMon_Handler
 .text.PendSV_Handler
                0x0000000008001d4e        0xe Core/Src/stm32f4xx_it.o
                0x0000000008001d4e                PendSV_Handler
 .text.SysTick_Handler
                0x0000000008001d5c        0xc Core/Src/stm32f4xx_it.o
                0x0000000008001d5c                SysTick_Handler
 .text.OTG_FS_IRQHandler
                0x0000000008001d68       0x14 Core/Src/stm32f4xx_it.o
                0x0000000008001d68                OTG_FS_IRQHandler
 .text._sbrk    0x0000000008001d7c       0x6c Core/Src/sysmem.o
                0x0000000008001d7c                _sbrk
 .text.SystemInit
                0x0000000008001de8       0x2c Core/Src/system_stm32f4xx.o
                0x0000000008001de8                SystemInit
 .text.Reset_Handler
                0x0000000008001e14       0x50 Core/Startup/startup_stm32f446zetx.o
                0x0000000008001e14                Reset_Handler
 .text.Default_Handler
                0x0000000008001e64        0x2 Core/Startup/startup_stm32f446zetx.o
                0x0000000008001e64                RTC_Alarm_IRQHandler
                0x0000000008001e64                EXTI2_IRQHandler
                0x0000000008001e64                TIM8_CC_IRQHandler
                0x0000000008001e64                FMPI2C1_EV_IRQHandler
                0x0000000008001e64                SPI4_IRQHandler
                0x0000000008001e64                TIM1_CC_IRQHandler
                0x0000000008001e64                DMA2_Stream5_IRQHandler
                0x0000000008001e64                DMA1_Stream5_IRQHandler
                0x0000000008001e64                PVD_IRQHandler
                0x0000000008001e64                SDIO_IRQHandler
                0x0000000008001e64                TAMP_STAMP_IRQHandler
                0x0000000008001e64                CAN2_RX1_IRQHandler
                0x0000000008001e64                EXTI3_IRQHandler
                0x0000000008001e64                TIM8_TRG_COM_TIM14_IRQHandler
                0x0000000008001e64                TIM1_UP_TIM10_IRQHandler
                0x0000000008001e64                TIM8_UP_TIM13_IRQHandler
                0x0000000008001e64                I2C3_ER_IRQHandler
                0x0000000008001e64                EXTI0_IRQHandler
                0x0000000008001e64                I2C2_EV_IRQHandler
                0x0000000008001e64                DMA1_Stream2_IRQHandler
                0x0000000008001e64                CAN1_RX0_IRQHandler
                0x0000000008001e64                FPU_IRQHandler
                0x0000000008001e64                OTG_HS_WKUP_IRQHandler
                0x0000000008001e64                CAN2_SCE_IRQHandler
                0x0000000008001e64                DMA2_Stream2_IRQHandler
                0x0000000008001e64                SPI1_IRQHandler
                0x0000000008001e64                TIM6_DAC_IRQHandler
                0x0000000008001e64                TIM1_BRK_TIM9_IRQHandler
                0x0000000008001e64                DCMI_IRQHandler
                0x0000000008001e64                CAN2_RX0_IRQHandler
                0x0000000008001e64                DMA2_Stream3_IRQHandler
                0x0000000008001e64                SAI2_IRQHandler
                0x0000000008001e64                USART6_IRQHandler
                0x0000000008001e64                USART3_IRQHandler
                0x0000000008001e64                CAN1_RX1_IRQHandler
                0x0000000008001e64                UART5_IRQHandler
                0x0000000008001e64                DMA2_Stream0_IRQHandler
                0x0000000008001e64                TIM4_IRQHandler
                0x0000000008001e64                QUADSPI_IRQHandler
                0x0000000008001e64                I2C1_EV_IRQHandler
                0x0000000008001e64                DMA1_Stream6_IRQHandler
                0x0000000008001e64                DMA1_Stream1_IRQHandler
                0x0000000008001e64                UART4_IRQHandler
                0x0000000008001e64                TIM3_IRQHandler
                0x0000000008001e64                RCC_IRQHandler
                0x0000000008001e64                TIM8_BRK_TIM12_IRQHandler
                0x0000000008001e64                Default_Handler
                0x0000000008001e64                CEC_IRQHandler
                0x0000000008001e64                EXTI15_10_IRQHandler
                0x0000000008001e64                ADC_IRQHandler
                0x0000000008001e64                DMA1_Stream7_IRQHandler
                0x0000000008001e64                TIM7_IRQHandler
                0x0000000008001e64                CAN2_TX_IRQHandler
                0x0000000008001e64                TIM5_IRQHandler
                0x0000000008001e64                DMA2_Stream7_IRQHandler
                0x0000000008001e64                I2C3_EV_IRQHandler
                0x0000000008001e64                EXTI9_5_IRQHandler
                0x0000000008001e64                RTC_WKUP_IRQHandler
                0x0000000008001e64                SPDIF_RX_IRQHandler
                0x0000000008001e64                SPI2_IRQHandler
                0x0000000008001e64                OTG_HS_EP1_IN_IRQHandler
                0x0000000008001e64                DMA1_Stream0_IRQHandler
                0x0000000008001e64                CAN1_TX_IRQHandler
                0x0000000008001e64                FMPI2C1_ER_IRQHandler
                0x0000000008001e64                EXTI4_IRQHandler
                0x0000000008001e64                OTG_HS_EP1_OUT_IRQHandler
                0x0000000008001e64                WWDG_IRQHandler
                0x0000000008001e64                TIM2_IRQHandler
                0x0000000008001e64                OTG_FS_WKUP_IRQHandler
                0x0000000008001e64                TIM1_TRG_COM_TIM11_IRQHandler
                0x0000000008001e64                OTG_HS_IRQHandler
                0x0000000008001e64                EXTI1_IRQHandler
                0x0000000008001e64                USART2_IRQHandler
                0x0000000008001e64                I2C2_ER_IRQHandler
                0x0000000008001e64                DMA2_Stream1_IRQHandler
                0x0000000008001e64                CAN1_SCE_IRQHandler
                0x0000000008001e64                FLASH_IRQHandler
                0x0000000008001e64                DMA2_Stream4_IRQHandler
                0x0000000008001e64                USART1_IRQHandler
                0x0000000008001e64                SPI3_IRQHandler
                0x0000000008001e64                DMA1_Stream4_IRQHandler
                0x0000000008001e64                I2C1_ER_IRQHandler
                0x0000000008001e64                FMC_IRQHandler
                0x0000000008001e64                DMA2_Stream6_IRQHandler
                0x0000000008001e64                SAI1_IRQHandler
                0x0000000008001e64                DMA1_Stream3_IRQHandler
 *fill*         0x0000000008001e66        0x2 
 .text.HAL_Init
                0x0000000008001e68       0x44 Drivers/STM32F4xx_HAL_Driver/Src/stm32f4xx_hal.o
                0x0000000008001e68                HAL_Init
 .text.HAL_InitTick
                0x0000000008001eac       0x60 Drivers/STM32F4xx_HAL_Driver/Src/stm32f4xx_hal.o
                0x0000000008001eac                HAL_InitTick
 .text.HAL_IncTick
                0x0000000008001f0c       0x28 Drivers/STM32F4xx_HAL_Driver/Src/stm32f4xx_hal.o
                0x0000000008001f0c                HAL_IncTick
 .text.HAL_GetTick
                0x0000000008001f34       0x18 Drivers/STM32F4xx_HAL_Driver/Src/stm32f4xx_hal.o
                0x0000000008001f34                HAL_GetTick
 .text.HAL_Delay
                0x0000000008001f4c       0x44 Drivers/STM32F4xx_HAL_Driver/Src/stm32f4xx_hal.o
                0x0000000008001f4c                HAL_Delay
 .text.HAL_CAN_Init
                0x0000000008001f90      0x1fa Drivers/STM32F4xx_HAL_Driver/Src/stm32f4xx_hal_can.o
                0x0000000008001f90                HAL_CAN_Init
 *fill*         0x000000000800218a        0x2 
 .text.HAL_CAN_ConfigFilter
                0x000000000800218c      0x1c0 Drivers/STM32F4xx_HAL_Driver/Src/stm32f4xx_hal_can.o
                0x000000000800218c                HAL_CAN_ConfigFilter
 .text.HAL_CAN_Start
                0x000000000800234c       0x8a Drivers/STM32F4xx_HAL_Driver/Src/stm32f4xx_hal_can.o
                0x000000000800234c                HAL_CAN_Start
 .text.HAL_CAN_Stop
                0x00000000080023d6       0x94 Drivers/STM32F4xx_HAL_Driver/Src/stm32f4xx_hal_can.o
                0x00000000080023d6                HAL_CAN_Stop
 .text.HAL_CAN_AddTxMessage
                0x000000000800246a      0x1b6 Drivers/STM32F4xx_HAL_Driver/Src/stm32f4xx_hal_can.o
                0x000000000800246a                HAL_CAN_AddTxMessage
 .text.HAL_CAN_GetRxMessage
                0x0000000008002620      0x224 Drivers/STM32F4xx_HAL_Driver/Src/stm32f4xx_hal_can.o
                0x0000000008002620                HAL_CAN_GetRxMessage
 .text.HAL_CAN_GetRxFifoFillLevel
                0x0000000008002844       0x50 Drivers/STM32F4xx_HAL_Driver/Src/stm32f4xx_hal_can.o
                0x0000000008002844                HAL_CAN_GetRxFifoFillLevel
 .text.HAL_CAN_GetState
                0x0000000008002894       0x50 Drivers/STM32F4xx_HAL_Driver/Src/stm32f4xx_hal_can.o
                0x0000000008002894                HAL_CAN_GetState
 .text.__NVIC_SetPriorityGrouping
                0x00000000080028e4       0x48 Drivers/STM32F4xx_HAL_Driver/Src/stm32f4xx_hal_cortex.o
 .text.__NVIC_GetPriorityGrouping
                0x000000000800292c       0x1c Drivers/STM32F4xx_HAL_Driver/Src/stm32f4xx_hal_cortex.o
 .text.__NVIC_EnableIRQ
                0x0000000008002948       0x3c Drivers/STM32F4xx_HAL_Driver/Src/stm32f4xx_hal_cortex.o
 .text.__NVIC_SetPriority
                0x0000000008002984       0x54 Drivers/STM32F4xx_HAL_Driver/Src/stm32f4xx_hal_cortex.o
 .text.NVIC_EncodePriority
                0x00000000080029d8       0x66 Drivers/STM32F4xx_HAL_Driver/Src/stm32f4xx_hal_cortex.o
 *fill*         0x0000000008002a3e        0x2 
 .text.SysTick_Config
                0x0000000008002a40       0x44 Drivers/STM32F4xx_HAL_Driver/Src/stm32f4xx_hal_cortex.o
 .text.HAL_NVIC_SetPriorityGrouping
                0x0000000008002a84       0x16 Drivers/STM32F4xx_HAL_Driver/Src/stm32f4xx_hal_cortex.o
                0x0000000008002a84                HAL_NVIC_SetPriorityGrouping
 .text.HAL_NVIC_SetPriority
                0x0000000008002a9a       0x38 Drivers/STM32F4xx_HAL_Driver/Src/stm32f4xx_hal_cortex.o
                0x0000000008002a9a                HAL_NVIC_SetPriority
 .text.HAL_NVIC_EnableIRQ
                0x0000000008002ad2       0x1c Drivers/STM32F4xx_HAL_Driver/Src/stm32f4xx_hal_cortex.o
                0x0000000008002ad2                HAL_NVIC_EnableIRQ
 .text.HAL_SYSTICK_Config
                0x0000000008002aee       0x18 Drivers/STM32F4xx_HAL_Driver/Src/stm32f4xx_hal_cortex.o
                0x0000000008002aee                HAL_SYSTICK_Config
 *fill*         0x0000000008002b06        0x2 
 .text.HAL_GPIO_Init
                0x0000000008002b08      0x324 Drivers/STM32F4xx_HAL_Driver/Src/stm32f4xx_hal_gpio.o
                0x0000000008002b08                HAL_GPIO_Init
 .text.HAL_GPIO_WritePin
                0x0000000008002e2c       0x32 Drivers/STM32F4xx_HAL_Driver/Src/stm32f4xx_hal_gpio.o
                0x0000000008002e2c                HAL_GPIO_WritePin
 .text.HAL_PCD_Init
                0x0000000008002e5e      0x248 Drivers/STM32F4xx_HAL_Driver/Src/stm32f4xx_hal_pcd.o
                0x0000000008002e5e                HAL_PCD_Init
 .text.HAL_PCD_Start
                0x00000000080030a6       0x66 Drivers/STM32F4xx_HAL_Driver/Src/stm32f4xx_hal_pcd.o
                0x00000000080030a6                HAL_PCD_Start
 .text.HAL_PCD_IRQHandler
                0x000000000800310c      0x7be Drivers/STM32F4xx_HAL_Driver/Src/stm32f4xx_hal_pcd.o
                0x000000000800310c                HAL_PCD_IRQHandler
 .text.HAL_PCD_SetAddress
                0x00000000080038ca       0x4a Drivers/STM32F4xx_HAL_Driver/Src/stm32f4xx_hal_pcd.o
                0x00000000080038ca                HAL_PCD_SetAddress
 .text.HAL_PCD_EP_Open
                0x0000000008003914       0xd0 Drivers/STM32F4xx_HAL_Driver/Src/stm32f4xx_hal_pcd.o
                0x0000000008003914                HAL_PCD_EP_Open
 .text.HAL_PCD_EP_Close
                0x00000000080039e4       0x94 Drivers/STM32F4xx_HAL_Driver/Src/stm32f4xx_hal_pcd.o
                0x00000000080039e4                HAL_PCD_EP_Close
 .text.HAL_PCD_EP_Receive
                0x0000000008003a78       0x96 Drivers/STM32F4xx_HAL_Driver/Src/stm32f4xx_hal_pcd.o
                0x0000000008003a78                HAL_PCD_EP_Receive
 .text.HAL_PCD_EP_GetRxCount
                0x0000000008003b0e       0x30 Drivers/STM32F4xx_HAL_Driver/Src/stm32f4xx_hal_pcd.o
                0x0000000008003b0e                HAL_PCD_EP_GetRxCount
 .text.HAL_PCD_EP_Transmit
                0x0000000008003b3e       0x94 Drivers/STM32F4xx_HAL_Driver/Src/stm32f4xx_hal_pcd.o
                0x0000000008003b3e                HAL_PCD_EP_Transmit
 .text.HAL_PCD_EP_SetStall
                0x0000000008003bd2       0xc8 Drivers/STM32F4xx_HAL_Driver/Src/stm32f4xx_hal_pcd.o
                0x0000000008003bd2                HAL_PCD_EP_SetStall
 .text.HAL_PCD_EP_ClrStall
                0x0000000008003c9a       0xac Drivers/STM32F4xx_HAL_Driver/Src/stm32f4xx_hal_pcd.o
                0x0000000008003c9a                HAL_PCD_EP_ClrStall
 .text.PCD_WriteEmptyTxFifo
                0x0000000008003d46      0x11a Drivers/STM32F4xx_HAL_Driver/Src/stm32f4xx_hal_pcd.o
 .text.PCD_EP_OutXfrComplete_int
                0x0000000008003e60      0x218 Drivers/STM32F4xx_HAL_Driver/Src/stm32f4xx_hal_pcd.o
 .text.PCD_EP_OutSetupPacket_int
                0x0000000008004078       0x8c Drivers/STM32F4xx_HAL_Driver/Src/stm32f4xx_hal_pcd.o
 .text.HAL_PCDEx_SetTxFiFo
                0x0000000008004104       0x8e Drivers/STM32F4xx_HAL_Driver/Src/stm32f4xx_hal_pcd_ex.o
                0x0000000008004104                HAL_PCDEx_SetTxFiFo
 .text.HAL_PCDEx_SetRxFiFo
                0x0000000008004192       0x22 Drivers/STM32F4xx_HAL_Driver/Src/stm32f4xx_hal_pcd_ex.o
                0x0000000008004192                HAL_PCDEx_SetRxFiFo
 .text.HAL_PCDEx_ActivateLPM
                0x00000000080041b4       0x48 Drivers/STM32F4xx_HAL_Driver/Src/stm32f4xx_hal_pcd_ex.o
                0x00000000080041b4                HAL_PCDEx_ActivateLPM
 .text.HAL_RCC_ClockConfig
                0x00000000080041fc      0x1cc Drivers/STM32F4xx_HAL_Driver/Src/stm32f4xx_hal_rcc.o
                0x00000000080041fc                HAL_RCC_ClockConfig
 .text.HAL_RCC_GetHCLKFreq
                0x00000000080043c8       0x18 Drivers/STM32F4xx_HAL_Driver/Src/stm32f4xx_hal_rcc.o
                0x00000000080043c8                HAL_RCC_GetHCLKFreq
 .text.HAL_RCC_GetPCLK1Freq
                0x00000000080043e0       0x28 Drivers/STM32F4xx_HAL_Driver/Src/stm32f4xx_hal_rcc.o
                0x00000000080043e0                HAL_RCC_GetPCLK1Freq
 .text.HAL_RCC_GetPCLK2Freq
                0x0000000008004408       0x28 Drivers/STM32F4xx_HAL_Driver/Src/stm32f4xx_hal_rcc.o
                0x0000000008004408                HAL_RCC_GetPCLK2Freq
 .text.HAL_RCCEx_PeriphCLKConfig
                0x0000000008004430      0x654 Drivers/STM32F4xx_HAL_Driver/Src/stm32f4xx_hal_rcc_ex.o
                0x0000000008004430                HAL_RCCEx_PeriphCLKConfig
 .text.HAL_RCC_GetSysClockFreq
                0x0000000008004a84      0x340 Drivers/STM32F4xx_HAL_Driver/Src/stm32f4xx_hal_rcc_ex.o
                0x0000000008004a84                HAL_RCC_GetSysClockFreq
 .text.HAL_RCC_OscConfig
                0x0000000008004dc4      0x4b4 Drivers/STM32F4xx_HAL_Driver/Src/stm32f4xx_hal_rcc_ex.o
                0x0000000008004dc4                HAL_RCC_OscConfig
 .text.HAL_UART_Init
                0x0000000008005278       0x9a Drivers/STM32F4xx_HAL_Driver/Src/stm32f4xx_hal_uart.o
                0x0000000008005278                HAL_UART_Init
 *fill*         0x0000000008005312        0x2 
 .text.UART_SetConfig
                0x0000000008005314      0x6f8 Drivers/STM32F4xx_HAL_Driver/Src/stm32f4xx_hal_uart.o
 .text.USB_CoreInit
                0x0000000008005a0c       0xc2 Drivers/STM32F4xx_HAL_Driver/Src/stm32f4xx_ll_usb.o
                0x0000000008005a0c                USB_CoreInit
 *fill*         0x0000000008005ace        0x2 
 .text.USB_SetTurnaroundTime
                0x0000000008005ad0      0x144 Drivers/STM32F4xx_HAL_Driver/Src/stm32f4xx_ll_usb.o
                0x0000000008005ad0                USB_SetTurnaroundTime
 .text.USB_EnableGlobalInt
                0x0000000008005c14       0x22 Drivers/STM32F4xx_HAL_Driver/Src/stm32f4xx_ll_usb.o
                0x0000000008005c14                USB_EnableGlobalInt
 .text.USB_DisableGlobalInt
                0x0000000008005c36       0x22 Drivers/STM32F4xx_HAL_Driver/Src/stm32f4xx_ll_usb.o
                0x0000000008005c36                USB_DisableGlobalInt
 .text.USB_SetCurrentMode
                0x0000000008005c58       0x54 Drivers/STM32F4xx_HAL_Driver/Src/stm32f4xx_ll_usb.o
                0x0000000008005c58                USB_SetCurrentMode
 .text.USB_DevInit
                0x0000000008005cac      0x2bc Drivers/STM32F4xx_HAL_Driver/Src/stm32f4xx_ll_usb.o
                0x0000000008005cac                USB_DevInit
 .text.USB_FlushTxFifo
                0x0000000008005f68       0x4c Drivers/STM32F4xx_HAL_Driver/Src/stm32f4xx_ll_usb.o
                0x0000000008005f68                USB_FlushTxFifo
 .text.USB_FlushRxFifo
                0x0000000008005fb4       0x44 Drivers/STM32F4xx_HAL_Driver/Src/stm32f4xx_ll_usb.o
                0x0000000008005fb4                USB_FlushRxFifo
 .text.USB_SetDevSpeed
                0x0000000008005ff8       0x32 Drivers/STM32F4xx_HAL_Driver/Src/stm32f4xx_ll_usb.o
                0x0000000008005ff8                USB_SetDevSpeed
 .text.USB_GetDevSpeed
                0x000000000800602a       0x4a Drivers/STM32F4xx_HAL_Driver/Src/stm32f4xx_ll_usb.o
                0x000000000800602a                USB_GetDevSpeed
 .text.USB_ActivateEndpoint
                0x0000000008006074      0x10e Drivers/STM32F4xx_HAL_Driver/Src/stm32f4xx_ll_usb.o
                0x0000000008006074                USB_ActivateEndpoint
 *fill*         0x0000000008006182        0x2 
 .text.USB_DeactivateEndpoint
                0x0000000008006184      0x1b8 Drivers/STM32F4xx_HAL_Driver/Src/stm32f4xx_ll_usb.o
                0x0000000008006184                USB_DeactivateEndpoint
 .text.USB_EPStartXfer
                0x000000000800633c      0x488 Drivers/STM32F4xx_HAL_Driver/Src/stm32f4xx_ll_usb.o
                0x000000000800633c                USB_EPStartXfer
 .text.USB_EP0StartXfer
                0x00000000080067c4      0x2a6 Drivers/STM32F4xx_HAL_Driver/Src/stm32f4xx_ll_usb.o
                0x00000000080067c4                USB_EP0StartXfer
 .text.USB_WritePacket
                0x0000000008006a6a       0x6a Drivers/STM32F4xx_HAL_Driver/Src/stm32f4xx_ll_usb.o
                0x0000000008006a6a                USB_WritePacket
 .text.USB_ReadPacket
                0x0000000008006ad4       0x52 Drivers/STM32F4xx_HAL_Driver/Src/stm32f4xx_ll_usb.o
                0x0000000008006ad4                USB_ReadPacket
 .text.USB_EPSetStall
                0x0000000008006b26       0xdc Drivers/STM32F4xx_HAL_Driver/Src/stm32f4xx_ll_usb.o
                0x0000000008006b26                USB_EPSetStall
 .text.USB_EPClearStall
                0x0000000008006c02       0xcc Drivers/STM32F4xx_HAL_Driver/Src/stm32f4xx_ll_usb.o
                0x0000000008006c02                USB_EPClearStall
 .text.USB_SetDevAddress
                0x0000000008006cce       0x4c Drivers/STM32F4xx_HAL_Driver/Src/stm32f4xx_ll_usb.o
                0x0000000008006cce                USB_SetDevAddress
 .text.USB_DevConnect
                0x0000000008006d1a       0x42 Drivers/STM32F4xx_HAL_Driver/Src/stm32f4xx_ll_usb.o
                0x0000000008006d1a                USB_DevConnect
 .text.USB_DevDisconnect
                0x0000000008006d5c       0x42 Drivers/STM32F4xx_HAL_Driver/Src/stm32f4xx_ll_usb.o
                0x0000000008006d5c                USB_DevDisconnect
 .text.USB_ReadInterrupts
                0x0000000008006d9e       0x26 Drivers/STM32F4xx_HAL_Driver/Src/stm32f4xx_ll_usb.o
                0x0000000008006d9e                USB_ReadInterrupts
 .text.USB_ReadDevAllOutEpInterrupt
                0x0000000008006dc4       0x34 Drivers/STM32F4xx_HAL_Driver/Src/stm32f4xx_ll_usb.o
                0x0000000008006dc4                USB_ReadDevAllOutEpInterrupt
 .text.USB_ReadDevAllInEpInterrupt
                0x0000000008006df8       0x34 Drivers/STM32F4xx_HAL_Driver/Src/stm32f4xx_ll_usb.o
                0x0000000008006df8                USB_ReadDevAllInEpInterrupt
 .text.USB_ReadDevOutEPInterrupt
                0x0000000008006e2c       0x3c Drivers/STM32F4xx_HAL_Driver/Src/stm32f4xx_ll_usb.o
                0x0000000008006e2c                USB_ReadDevOutEPInterrupt
 .text.USB_ReadDevInEPInterrupt
                0x0000000008006e68       0x5c Drivers/STM32F4xx_HAL_Driver/Src/stm32f4xx_ll_usb.o
                0x0000000008006e68                USB_ReadDevInEPInterrupt
 .text.USB_GetMode
                0x0000000008006ec4       0x1c Drivers/STM32F4xx_HAL_Driver/Src/stm32f4xx_ll_usb.o
                0x0000000008006ec4                USB_GetMode
 .text.USB_ActivateSetup
                0x0000000008006ee0       0x46 Drivers/STM32F4xx_HAL_Driver/Src/stm32f4xx_ll_usb.o
                0x0000000008006ee0                USB_ActivateSetup
 *fill*         0x0000000008006f26        0x2 
 .text.USB_EP0_OutStart
                0x0000000008006f28       0xbc Drivers/STM32F4xx_HAL_Driver/Src/stm32f4xx_ll_usb.o
                0x0000000008006f28                USB_EP0_OutStart
 .text.USB_CoreReset
                0x0000000008006fe4       0x68 Drivers/STM32F4xx_HAL_Driver/Src/stm32f4xx_ll_usb.o
 .text.USBD_CDC_Init
                0x000000000800704c      0x100 Middlewares/ST/STM32_USB_Device_Library/Class/CDC/Src/usbd_cdc.o
 .text.USBD_CDC_DeInit
                0x000000000800714c       0x78 Middlewares/ST/STM32_USB_Device_Library/Class/CDC/Src/usbd_cdc.o
 .text.USBD_CDC_Setup
                0x00000000080071c4      0x178 Middlewares/ST/STM32_USB_Device_Library/Class/CDC/Src/usbd_cdc.o
 .text.USBD_CDC_DataIn
                0x000000000800733c       0xbe Middlewares/ST/STM32_USB_Device_Library/Class/CDC/Src/usbd_cdc.o
 .text.USBD_CDC_DataOut
                0x00000000080073fa       0x56 Middlewares/ST/STM32_USB_Device_Library/Class/CDC/Src/usbd_cdc.o
 .text.USBD_CDC_EP0_RxReady
                0x0000000008007450       0x50 Middlewares/ST/STM32_USB_Device_Library/Class/CDC/Src/usbd_cdc.o
 .text.USBD_CDC_GetFSCfgDesc
                0x00000000080074a0       0x20 Middlewares/ST/STM32_USB_Device_Library/Class/CDC/Src/usbd_cdc.o
 .text.USBD_CDC_GetHSCfgDesc
                0x00000000080074c0       0x20 Middlewares/ST/STM32_USB_Device_Library/Class/CDC/Src/usbd_cdc.o
 .text.USBD_CDC_GetOtherSpeedCfgDesc
                0x00000000080074e0       0x20 Middlewares/ST/STM32_USB_Device_Library/Class/CDC/Src/usbd_cdc.o
 .text.USBD_CDC_GetDeviceQualifierDescriptor
                0x0000000008007500       0x20 Middlewares/ST/STM32_USB_Device_Library/Class/CDC/Src/usbd_cdc.o
                0x0000000008007500                USBD_CDC_GetDeviceQualifierDescriptor
 .text.USBD_CDC_RegisterInterface
                0x0000000008007520       0x2a Middlewares/ST/STM32_USB_Device_Library/Class/CDC/Src/usbd_cdc.o
                0x0000000008007520                USBD_CDC_RegisterInterface
 .text.USBD_CDC_SetTxBuffer
                0x000000000800754a       0x32 Middlewares/ST/STM32_USB_Device_Library/Class/CDC/Src/usbd_cdc.o
                0x000000000800754a                USBD_CDC_SetTxBuffer
 .text.USBD_CDC_SetRxBuffer
                0x000000000800757c       0x28 Middlewares/ST/STM32_USB_Device_Library/Class/CDC/Src/usbd_cdc.o
                0x000000000800757c                USBD_CDC_SetRxBuffer
 .text.USBD_CDC_TransmitPacket
                0x00000000080075a4       0x60 Middlewares/ST/STM32_USB_Device_Library/Class/CDC/Src/usbd_cdc.o
                0x00000000080075a4                USBD_CDC_TransmitPacket
 .text.USBD_CDC_ReceivePacket
                0x0000000008007604       0x54 Middlewares/ST/STM32_USB_Device_Library/Class/CDC/Src/usbd_cdc.o
                0x0000000008007604                USBD_CDC_ReceivePacket
 .text.USBD_Init
                0x0000000008007658       0x6c Middlewares/ST/STM32_USB_Device_Library/Core/Src/usbd_core.o
                0x0000000008007658                USBD_Init
 .text.USBD_RegisterClass
                0x00000000080076c4       0x42 Middlewares/ST/STM32_USB_Device_Library/Core/Src/usbd_core.o
                0x00000000080076c4                USBD_RegisterClass
 .text.USBD_Start
                0x0000000008007706       0x18 Middlewares/ST/STM32_USB_Device_Library/Core/Src/usbd_core.o
                0x0000000008007706                USBD_Start
 .text.USBD_RunTestMode
                0x000000000800771e       0x16 Middlewares/ST/STM32_USB_Device_Library/Core/Src/usbd_core.o
                0x000000000800771e                USBD_RunTestMode
 .text.USBD_SetClassConfig
                0x0000000008007734       0x38 Middlewares/ST/STM32_USB_Device_Library/Core/Src/usbd_core.o
                0x0000000008007734                USBD_SetClassConfig
 .text.USBD_ClrClassConfig
                0x000000000800776c       0x30 Middlewares/ST/STM32_USB_Device_Library/Core/Src/usbd_core.o
                0x000000000800776c                USBD_ClrClassConfig
 .text.USBD_LL_SetupStage
                0x000000000800779c       0xa6 Middlewares/ST/STM32_USB_Device_Library/Core/Src/usbd_core.o
                0x000000000800779c                USBD_LL_SetupStage
 .text.USBD_LL_DataOutStage
                0x0000000008007842       0xc6 Middlewares/ST/STM32_USB_Device_Library/Core/Src/usbd_core.o
                0x0000000008007842                USBD_LL_DataOutStage
 .text.USBD_LL_DataInStage
                0x0000000008007908      0x12c Middlewares/ST/STM32_USB_Device_Library/Core/Src/usbd_core.o
                0x0000000008007908                USBD_LL_DataInStage
 .text.USBD_LL_Reset
                0x0000000008007a34       0x82 Middlewares/ST/STM32_USB_Device_Library/Core/Src/usbd_core.o
                0x0000000008007a34                USBD_LL_Reset
 .text.USBD_LL_SetSpeed
                0x0000000008007ab6       0x20 Middlewares/ST/STM32_USB_Device_Library/Core/Src/usbd_core.o
                0x0000000008007ab6                USBD_LL_SetSpeed
 .text.USBD_LL_Suspend
                0x0000000008007ad6       0x2a Middlewares/ST/STM32_USB_Device_Library/Core/Src/usbd_core.o
                0x0000000008007ad6                USBD_LL_Suspend
 .text.USBD_LL_Resume
                0x0000000008007b00       0x2c Middlewares/ST/STM32_USB_Device_Library/Core/Src/usbd_core.o
                0x0000000008007b00                USBD_LL_Resume
 .text.USBD_LL_SOF
                0x0000000008007b2c       0x34 Middlewares/ST/STM32_USB_Device_Library/Core/Src/usbd_core.o
                0x0000000008007b2c                USBD_LL_SOF
 .text.USBD_LL_IsoINIncomplete
                0x0000000008007b60       0x1a Middlewares/ST/STM32_USB_Device_Library/Core/Src/usbd_core.o
                0x0000000008007b60                USBD_LL_IsoINIncomplete
 .text.USBD_LL_IsoOUTIncomplete
                0x0000000008007b7a       0x1a Middlewares/ST/STM32_USB_Device_Library/Core/Src/usbd_core.o
                0x0000000008007b7a                USBD_LL_IsoOUTIncomplete
 .text.USBD_LL_DevConnected
                0x0000000008007b94       0x16 Middlewares/ST/STM32_USB_Device_Library/Core/Src/usbd_core.o
                0x0000000008007b94                USBD_LL_DevConnected
 .text.USBD_LL_DevDisconnected
                0x0000000008007baa       0x38 Middlewares/ST/STM32_USB_Device_Library/Core/Src/usbd_core.o
                0x0000000008007baa                USBD_LL_DevDisconnected
 .text.SWAPBYTE
                0x0000000008007be2       0x3c Middlewares/ST/STM32_USB_Device_Library/Core/Src/usbd_ctlreq.o
 *fill*         0x0000000008007c1e        0x2 
 .text.USBD_StdDevReq
                0x0000000008007c20       0xdc Middlewares/ST/STM32_USB_Device_Library/Core/Src/usbd_ctlreq.o
                0x0000000008007c20                USBD_StdDevReq
 .text.USBD_StdItfReq
                0x0000000008007cfc       0x8c Middlewares/ST/STM32_USB_Device_Library/Core/Src/usbd_ctlreq.o
                0x0000000008007cfc                USBD_StdItfReq
 .text.USBD_StdEPReq
                0x0000000008007d88      0x2aa Middlewares/ST/STM32_USB_Device_Library/Core/Src/usbd_ctlreq.o
                0x0000000008007d88                USBD_StdEPReq
 *fill*         0x0000000008008032        0x2 
 .text.USBD_GetDescriptor
                0x0000000008008034      0x328 Middlewares/ST/STM32_USB_Device_Library/Core/Src/usbd_ctlreq.o
 .text.USBD_SetAddress
                0x000000000800835c       0x84 Middlewares/ST/STM32_USB_Device_Library/Core/Src/usbd_ctlreq.o
 .text.USBD_SetConfig
                0x00000000080083e0      0x148 Middlewares/ST/STM32_USB_Device_Library/Core/Src/usbd_ctlreq.o
 .text.USBD_GetConfig
                0x0000000008008528       0x68 Middlewares/ST/STM32_USB_Device_Library/Core/Src/usbd_ctlreq.o
 .text.USBD_GetStatus
                0x0000000008008590       0x66 Middlewares/ST/STM32_USB_Device_Library/Core/Src/usbd_ctlreq.o
 .text.USBD_SetFeature
                0x00000000080085f6       0x28 Middlewares/ST/STM32_USB_Device_Library/Core/Src/usbd_ctlreq.o
 .text.USBD_ClrFeature
                0x000000000800861e       0x42 Middlewares/ST/STM32_USB_Device_Library/Core/Src/usbd_ctlreq.o
 .text.USBD_ParseSetupRequest
                0x0000000008008660       0x74 Middlewares/ST/STM32_USB_Device_Library/Core/Src/usbd_ctlreq.o
                0x0000000008008660                USBD_ParseSetupRequest
 .text.USBD_CtlError
                0x00000000080086d4       0x22 Middlewares/ST/STM32_USB_Device_Library/Core/Src/usbd_ctlreq.o
                0x00000000080086d4                USBD_CtlError
 .text.USBD_GetString
                0x00000000080086f6       0x8c Middlewares/ST/STM32_USB_Device_Library/Core/Src/usbd_ctlreq.o
                0x00000000080086f6                USBD_GetString
 .text.USBD_GetLen
                0x0000000008008782       0x34 Middlewares/ST/STM32_USB_Device_Library/Core/Src/usbd_ctlreq.o
 .text.USBD_CtlSendData
                0x00000000080087b6       0x36 Middlewares/ST/STM32_USB_Device_Library/Core/Src/usbd_ioreq.o
                0x00000000080087b6                USBD_CtlSendData
 .text.USBD_CtlContinueSendData
                0x00000000080087ec       0x22 Middlewares/ST/STM32_USB_Device_Library/Core/Src/usbd_ioreq.o
                0x00000000080087ec                USBD_CtlContinueSendData
 .text.USBD_CtlPrepareRx
                0x000000000800880e       0x3a Middlewares/ST/STM32_USB_Device_Library/Core/Src/usbd_ioreq.o
                0x000000000800880e                USBD_CtlPrepareRx
 .text.USBD_CtlContinueRx
                0x0000000008008848       0x22 Middlewares/ST/STM32_USB_Device_Library/Core/Src/usbd_ioreq.o
                0x0000000008008848                USBD_CtlContinueRx
 .text.USBD_CtlSendStatus
                0x000000000800886a       0x26 Middlewares/ST/STM32_USB_Device_Library/Core/Src/usbd_ioreq.o
                0x000000000800886a                USBD_CtlSendStatus
 .text.USBD_CtlReceiveStatus
                0x0000000008008890       0x26 Middlewares/ST/STM32_USB_Device_Library/Core/Src/usbd_ioreq.o
                0x0000000008008890                USBD_CtlReceiveStatus
 *fill*         0x00000000080088b6        0x2 
 .text.MX_USB_DEVICE_Init
                0x00000000080088b8       0x60 USB_DEVICE/App/usb_device.o
                0x00000000080088b8                MX_USB_DEVICE_Init
 .text.CDC_Init_FS
                0x0000000008008918       0x28 USB_DEVICE/App/usbd_cdc_if.o
 .text.CDC_DeInit_FS
                0x0000000008008940       0x10 USB_DEVICE/App/usbd_cdc_if.o
 .text.CDC_Control_FS
                0x0000000008008950       0xbc USB_DEVICE/App/usbd_cdc_if.o
 .text.CDC_Receive_FS
                0x0000000008008a0c       0xfc USB_DEVICE/App/usbd_cdc_if.o
 .text.CDC_Transmit_FS
                0x0000000008008b08       0x4c USB_DEVICE/App/usbd_cdc_if.o
                0x0000000008008b08                CDC_Transmit_FS
 .text.CDC_TransmitCplt_FS
                0x0000000008008b54       0x22 USB_DEVICE/App/usbd_cdc_if.o
 *fill*         0x0000000008008b76        0x2 
 .text.USBD_FS_DeviceDescriptor
                0x0000000008008b78       0x24 USB_DEVICE/App/usbd_desc.o
                0x0000000008008b78                USBD_FS_DeviceDescriptor
 .text.USBD_FS_LangIDStrDescriptor
                0x0000000008008b9c       0x24 USB_DEVICE/App/usbd_desc.o
                0x0000000008008b9c                USBD_FS_LangIDStrDescriptor
 .text.USBD_FS_ProductStrDescriptor
                0x0000000008008bc0       0x3c USB_DEVICE/App/usbd_desc.o
                0x0000000008008bc0                USBD_FS_ProductStrDescriptor
 .text.USBD_FS_ManufacturerStrDescriptor
                0x0000000008008bfc       0x28 USB_DEVICE/App/usbd_desc.o
                0x0000000008008bfc                USBD_FS_ManufacturerStrDescriptor
 .text.USBD_FS_SerialStrDescriptor
                0x0000000008008c24       0x24 USB_DEVICE/App/usbd_desc.o
                0x0000000008008c24                USBD_FS_SerialStrDescriptor
 .text.USBD_FS_ConfigStrDescriptor
                0x0000000008008c48       0x3c USB_DEVICE/App/usbd_desc.o
                0x0000000008008c48                USBD_FS_ConfigStrDescriptor
 .text.USBD_FS_InterfaceStrDescriptor
                0x0000000008008c84       0x3c USB_DEVICE/App/usbd_desc.o
                0x0000000008008c84                USBD_FS_InterfaceStrDescriptor
 .text.USBD_FS_USR_BOSDescriptor
                0x0000000008008cc0       0x24 USB_DEVICE/App/usbd_desc.o
                0x0000000008008cc0                USBD_FS_USR_BOSDescriptor
 .text.Get_SerialNum
                0x0000000008008ce4       0x58 USB_DEVICE/App/usbd_desc.o
 .text.IntToUnicode
                0x0000000008008d3c       0x7c USB_DEVICE/App/usbd_desc.o
 .text.HAL_PCD_MspInit
                0x0000000008008db8       0xc4 USB_DEVICE/Target/usbd_conf.o
                0x0000000008008db8                HAL_PCD_MspInit
 .text.HAL_PCD_SetupStageCallback
                0x0000000008008e7c       0x24 USB_DEVICE/Target/usbd_conf.o
                0x0000000008008e7c                HAL_PCD_SetupStageCallback
 .text.HAL_PCD_DataOutStageCallback
                0x0000000008008ea0       0x36 USB_DEVICE/Target/usbd_conf.o
                0x0000000008008ea0                HAL_PCD_DataOutStageCallback
 .text.HAL_PCD_DataInStageCallback
                0x0000000008008ed6       0x34 USB_DEVICE/Target/usbd_conf.o
                0x0000000008008ed6                HAL_PCD_DataInStageCallback
 .text.HAL_PCD_SOFCallback
                0x0000000008008f0a       0x1c USB_DEVICE/Target/usbd_conf.o
                0x0000000008008f0a                HAL_PCD_SOFCallback
 .text.HAL_PCD_ResetCallback
                0x0000000008008f26       0x50 USB_DEVICE/Target/usbd_conf.o
                0x0000000008008f26                HAL_PCD_ResetCallback
 *fill*         0x0000000008008f76        0x2 
 .text.HAL_PCD_SuspendCallback
                0x0000000008008f78       0x4c USB_DEVICE/Target/usbd_conf.o
                0x0000000008008f78                HAL_PCD_SuspendCallback
 .text.HAL_PCD_ResumeCallback
                0x0000000008008fc4       0x1c USB_DEVICE/Target/usbd_conf.o
                0x0000000008008fc4                HAL_PCD_ResumeCallback
 .text.HAL_PCD_ISOOUTIncompleteCallback
                0x0000000008008fe0       0x24 USB_DEVICE/Target/usbd_conf.o
                0x0000000008008fe0                HAL_PCD_ISOOUTIncompleteCallback
 .text.HAL_PCD_ISOINIncompleteCallback
                0x0000000008009004       0x24 USB_DEVICE/Target/usbd_conf.o
                0x0000000008009004                HAL_PCD_ISOINIncompleteCallback
 .text.HAL_PCD_ConnectCallback
                0x0000000008009028       0x1c USB_DEVICE/Target/usbd_conf.o
                0x0000000008009028                HAL_PCD_ConnectCallback
 .text.HAL_PCD_DisconnectCallback
                0x0000000008009044       0x1c USB_DEVICE/Target/usbd_conf.o
                0x0000000008009044                HAL_PCD_DisconnectCallback
 .text.USBD_LL_Init
                0x0000000008009060       0x98 USB_DEVICE/Target/usbd_conf.o
                0x0000000008009060                USBD_LL_Init
 .text.USBD_LL_Start
                0x00000000080090f8       0x36 USB_DEVICE/Target/usbd_conf.o
                0x00000000080090f8                USBD_LL_Start
 .text.USBD_LL_OpenEP
                0x000000000800912e       0x4c USB_DEVICE/Target/usbd_conf.o
                0x000000000800912e                USBD_LL_OpenEP
 .text.USBD_LL_CloseEP
                0x000000000800917a       0x3e USB_DEVICE/Target/usbd_conf.o
                0x000000000800917a                USBD_LL_CloseEP
 .text.USBD_LL_StallEP
                0x00000000080091b8       0x3e USB_DEVICE/Target/usbd_conf.o
                0x00000000080091b8                USBD_LL_StallEP
 .text.USBD_LL_ClearStallEP
                0x00000000080091f6       0x3e USB_DEVICE/Target/usbd_conf.o
                0x00000000080091f6                USBD_LL_ClearStallEP
 .text.USBD_LL_IsStallEP
                0x0000000008009234       0x58 USB_DEVICE/Target/usbd_conf.o
                0x0000000008009234                USBD_LL_IsStallEP
 .text.USBD_LL_SetUSBAddress
                0x000000000800928c       0x3e USB_DEVICE/Target/usbd_conf.o
                0x000000000800928c                USBD_LL_SetUSBAddress
 .text.USBD_LL_Transmit
                0x00000000080092ca       0x42 USB_DEVICE/Target/usbd_conf.o
                0x00000000080092ca                USBD_LL_Transmit
 .text.USBD_LL_PrepareReceive
                0x000000000800930c       0x42 USB_DEVICE/Target/usbd_conf.o
                0x000000000800930c                USBD_LL_PrepareReceive
 .text.USBD_LL_GetRxDataSize
                0x000000000800934e       0x26 USB_DEVICE/Target/usbd_conf.o
                0x000000000800934e                USBD_LL_GetRxDataSize
 .text.HAL_PCDEx_LPM_Callback
                0x0000000008009374       0x9c USB_DEVICE/Target/usbd_conf.o
                0x0000000008009374                HAL_PCDEx_LPM_Callback
 .text.USBD_Get_USB_Status
                0x0000000008009410       0x58 USB_DEVICE/Target/usbd_conf.o
                0x0000000008009410                USBD_Get_USB_Status
 .text.__errno  0x0000000008009468        0xc /opt/stm32cubeide/plugins/com.st.stm32cube.ide.mcu.externaltools.gnu-tools-for-stm32.7-2018-q2-update.linux64_1.4.0.202007081208/tools/bin/../lib/gcc/arm-none-eabi/7.3.1/../../../../arm-none-eabi/lib/thumb/v7e-m/fpv4-sp/hard/libc_nano.a(lib_a-errno.o)
                0x0000000008009468                __errno
 .text.__libc_init_array
                0x0000000008009474       0x48 /opt/stm32cubeide/plugins/com.st.stm32cube.ide.mcu.externaltools.gnu-tools-for-stm32.7-2018-q2-update.linux64_1.4.0.202007081208/tools/bin/../lib/gcc/arm-none-eabi/7.3.1/../../../../arm-none-eabi/lib/thumb/v7e-m/fpv4-sp/hard/libc_nano.a(lib_a-init.o)
                0x0000000008009474                __libc_init_array
 .text.malloc   0x00000000080094bc       0x10 /opt/stm32cubeide/plugins/com.st.stm32cube.ide.mcu.externaltools.gnu-tools-for-stm32.7-2018-q2-update.linux64_1.4.0.202007081208/tools/bin/../lib/gcc/arm-none-eabi/7.3.1/../../../../arm-none-eabi/lib/thumb/v7e-m/fpv4-sp/hard/libc_nano.a(lib_a-malloc.o)
                0x00000000080094bc                malloc
 .text.free     0x00000000080094cc       0x10 /opt/stm32cubeide/plugins/com.st.stm32cube.ide.mcu.externaltools.gnu-tools-for-stm32.7-2018-q2-update.linux64_1.4.0.202007081208/tools/bin/../lib/gcc/arm-none-eabi/7.3.1/../../../../arm-none-eabi/lib/thumb/v7e-m/fpv4-sp/hard/libc_nano.a(lib_a-malloc.o)
                0x00000000080094cc                free
 .text.memset   0x00000000080094dc       0x10 /opt/stm32cubeide/plugins/com.st.stm32cube.ide.mcu.externaltools.gnu-tools-for-stm32.7-2018-q2-update.linux64_1.4.0.202007081208/tools/bin/../lib/gcc/arm-none-eabi/7.3.1/../../../../arm-none-eabi/lib/thumb/v7e-m/fpv4-sp/hard/libc_nano.a(lib_a-memset.o)
                0x00000000080094dc                memset
 .text._free_r  0x00000000080094ec       0x9c /opt/stm32cubeide/plugins/com.st.stm32cube.ide.mcu.externaltools.gnu-tools-for-stm32.7-2018-q2-update.linux64_1.4.0.202007081208/tools/bin/../lib/gcc/arm-none-eabi/7.3.1/../../../../arm-none-eabi/lib/thumb/v7e-m/fpv4-sp/hard/libc_nano.a(lib_a-nano-freer.o)
                0x00000000080094ec                _free_r
 .text._malloc_r
                0x0000000008009588       0xb4 /opt/stm32cubeide/plugins/com.st.stm32cube.ide.mcu.externaltools.gnu-tools-for-stm32.7-2018-q2-update.linux64_1.4.0.202007081208/tools/bin/../lib/gcc/arm-none-eabi/7.3.1/../../../../arm-none-eabi/lib/thumb/v7e-m/fpv4-sp/hard/libc_nano.a(lib_a-nano-mallocr.o)
                0x0000000008009588                _malloc_r
 .text._sbrk_r  0x000000000800963c       0x20 /opt/stm32cubeide/plugins/com.st.stm32cube.ide.mcu.externaltools.gnu-tools-for-stm32.7-2018-q2-update.linux64_1.4.0.202007081208/tools/bin/../lib/gcc/arm-none-eabi/7.3.1/../../../../arm-none-eabi/lib/thumb/v7e-m/fpv4-sp/hard/libc_nano.a(lib_a-sbrkr.o)
                0x000000000800963c                _sbrk_r
 .text.__malloc_lock
                0x000000000800965c        0x2 /opt/stm32cubeide/plugins/com.st.stm32cube.ide.mcu.externaltools.gnu-tools-for-stm32.7-2018-q2-update.linux64_1.4.0.202007081208/tools/bin/../lib/gcc/arm-none-eabi/7.3.1/../../../../arm-none-eabi/lib/thumb/v7e-m/fpv4-sp/hard/libc_nano.a(lib_a-mlock.o)
                0x000000000800965c                __malloc_lock
 .text.__malloc_unlock
                0x000000000800965e        0x2 /opt/stm32cubeide/plugins/com.st.stm32cube.ide.mcu.externaltools.gnu-tools-for-stm32.7-2018-q2-update.linux64_1.4.0.202007081208/tools/bin/../lib/gcc/arm-none-eabi/7.3.1/../../../../arm-none-eabi/lib/thumb/v7e-m/fpv4-sp/hard/libc_nano.a(lib_a-mlock.o)
                0x000000000800965e                __malloc_unlock
 *(.glue_7)
 .glue_7        0x0000000008009660        0x0 linker stubs
 *(.glue_7t)
 .glue_7t       0x0000000008009660        0x0 linker stubs
 *(.eh_frame)
 .eh_frame      0x0000000008009660        0x0 /opt/stm32cubeide/plugins/com.st.stm32cube.ide.mcu.externaltools.gnu-tools-for-stm32.7-2018-q2-update.linux64_1.4.0.202007081208/tools/bin/../lib/gcc/arm-none-eabi/7.3.1/thumb/v7e-m/fpv4-sp/hard/crtbegin.o
 *(.init)
 .init          0x0000000008009660        0x4 /opt/stm32cubeide/plugins/com.st.stm32cube.ide.mcu.externaltools.gnu-tools-for-stm32.7-2018-q2-update.linux64_1.4.0.202007081208/tools/bin/../lib/gcc/arm-none-eabi/7.3.1/thumb/v7e-m/fpv4-sp/hard/crti.o
                0x0000000008009660                _init
 .init          0x0000000008009664        0x8 /opt/stm32cubeide/plugins/com.st.stm32cube.ide.mcu.externaltools.gnu-tools-for-stm32.7-2018-q2-update.linux64_1.4.0.202007081208/tools/bin/../lib/gcc/arm-none-eabi/7.3.1/thumb/v7e-m/fpv4-sp/hard/crtn.o
 *(.fini)
 .fini          0x000000000800966c        0x4 /opt/stm32cubeide/plugins/com.st.stm32cube.ide.mcu.externaltools.gnu-tools-for-stm32.7-2018-q2-update.linux64_1.4.0.202007081208/tools/bin/../lib/gcc/arm-none-eabi/7.3.1/thumb/v7e-m/fpv4-sp/hard/crti.o
                0x000000000800966c                _fini
 .fini          0x0000000008009670        0x8 /opt/stm32cubeide/plugins/com.st.stm32cube.ide.mcu.externaltools.gnu-tools-for-stm32.7-2018-q2-update.linux64_1.4.0.202007081208/tools/bin/../lib/gcc/arm-none-eabi/7.3.1/thumb/v7e-m/fpv4-sp/hard/crtn.o
                0x0000000008009678                . = ALIGN (0x4)
                0x0000000008009678                _etext = .

.vfp11_veneer   0x0000000008009678        0x0
 .vfp11_veneer  0x0000000008009678        0x0 linker stubs

.v4_bx          0x0000000008009678        0x0
 .v4_bx         0x0000000008009678        0x0 linker stubs

.iplt           0x0000000008009678        0x0
 .iplt          0x0000000008009678        0x0 /opt/stm32cubeide/plugins/com.st.stm32cube.ide.mcu.externaltools.gnu-tools-for-stm32.7-2018-q2-update.linux64_1.4.0.202007081208/tools/bin/../lib/gcc/arm-none-eabi/7.3.1/thumb/v7e-m/fpv4-sp/hard/crtbegin.o

.rodata         0x0000000008009678       0xe0
                0x0000000008009678                . = ALIGN (0x4)
 *(.rodata)
 .rodata        0x0000000008009678       0x7f Core/Src/main.o
 *fill*         0x00000000080096f7        0x1 
 .rodata        0x00000000080096f8       0x46 USB_DEVICE/App/usbd_desc.o
 *(.rodata*)
 *fill*         0x000000000800973e        0x2 
 .rodata.AHBPrescTable
                0x0000000008009740       0x10 Core/Src/system_stm32f4xx.o
                0x0000000008009740                AHBPrescTable
 .rodata.APBPrescTable
                0x0000000008009750        0x8 Core/Src/system_stm32f4xx.o
                0x0000000008009750                APBPrescTable
                0x0000000008009758                . = ALIGN (0x4)

.ARM.extab      0x0000000008009758        0x0
                0x0000000008009758                . = ALIGN (0x4)
 *(.ARM.extab* .gnu.linkonce.armextab.*)
                0x0000000008009758                . = ALIGN (0x4)

.ARM            0x0000000008009758        0x8
                0x0000000008009758                . = ALIGN (0x4)
                0x0000000008009758                __exidx_start = .
 *(.ARM.exidx*)
 .ARM.exidx     0x0000000008009758        0x8 /opt/stm32cubeide/plugins/com.st.stm32cube.ide.mcu.externaltools.gnu-tools-for-stm32.7-2018-q2-update.linux64_1.4.0.202007081208/tools/bin/../lib/gcc/arm-none-eabi/7.3.1/thumb/v7e-m/fpv4-sp/hard/libgcc.a(_udivmoddi4.o)
                0x0000000008009760                __exidx_end = .
                0x0000000008009760                . = ALIGN (0x4)

.rel.dyn        0x0000000008009760        0x0
 .rel.iplt      0x0000000008009760        0x0 /opt/stm32cubeide/plugins/com.st.stm32cube.ide.mcu.externaltools.gnu-tools-for-stm32.7-2018-q2-update.linux64_1.4.0.202007081208/tools/bin/../lib/gcc/arm-none-eabi/7.3.1/thumb/v7e-m/fpv4-sp/hard/crtbegin.o

.preinit_array  0x0000000008009760        0x0
                0x0000000008009760                . = ALIGN (0x4)
                0x0000000008009760                PROVIDE (__preinit_array_start = .)
 *(.preinit_array*)
                0x0000000008009760                PROVIDE (__preinit_array_end = .)
                0x0000000008009760                . = ALIGN (0x4)

.init_array     0x0000000008009760        0x4
                0x0000000008009760                . = ALIGN (0x4)
                0x0000000008009760                PROVIDE (__init_array_start = .)
 *(SORT_BY_NAME(.init_array.*))
 *(.init_array*)
 .init_array    0x0000000008009760        0x4 /opt/stm32cubeide/plugins/com.st.stm32cube.ide.mcu.externaltools.gnu-tools-for-stm32.7-2018-q2-update.linux64_1.4.0.202007081208/tools/bin/../lib/gcc/arm-none-eabi/7.3.1/thumb/v7e-m/fpv4-sp/hard/crtbegin.o
                0x0000000008009764                PROVIDE (__init_array_end = .)
                0x0000000008009764                . = ALIGN (0x4)

.fini_array     0x0000000008009764        0x4
                0x0000000008009764                . = ALIGN (0x4)
                [!provide]                        PROVIDE (__fini_array_start = .)
 *(SORT_BY_NAME(.fini_array.*))
 *(.fini_array*)
 .fini_array    0x0000000008009764        0x4 /opt/stm32cubeide/plugins/com.st.stm32cube.ide.mcu.externaltools.gnu-tools-for-stm32.7-2018-q2-update.linux64_1.4.0.202007081208/tools/bin/../lib/gcc/arm-none-eabi/7.3.1/thumb/v7e-m/fpv4-sp/hard/crtbegin.o
                [!provide]                        PROVIDE (__fini_array_end = .)
                0x0000000008009768                . = ALIGN (0x4)
                0x0000000008009768                _sidata = LOADADDR (.data)

.data           0x0000000020000000      0x1f4 load address 0x0000000008009768
                0x0000000020000000                . = ALIGN (0x4)
                0x0000000020000000                _sdata = .
 *(.data)
 *(.data*)
 .data.SystemCoreClock
                0x0000000020000000        0x4 Core/Src/system_stm32f4xx.o
                0x0000000020000000                SystemCoreClock
 .data.uwTickPrio
                0x0000000020000004        0x4 Drivers/STM32F4xx_HAL_Driver/Src/stm32f4xx_hal.o
                0x0000000020000004                uwTickPrio
 .data.uwTickFreq
                0x0000000020000008        0x1 Drivers/STM32F4xx_HAL_Driver/Src/stm32f4xx_hal.o
                0x0000000020000008                uwTickFreq
 *fill*         0x0000000020000009        0x3 
 .data.USBD_CDC_DeviceQualifierDesc
                0x000000002000000c        0xa Middlewares/ST/STM32_USB_Device_Library/Class/CDC/Src/usbd_cdc.o
 *fill*         0x0000000020000016        0x2 
 .data.USBD_CDC
                0x0000000020000018       0x38 Middlewares/ST/STM32_USB_Device_Library/Class/CDC/Src/usbd_cdc.o
                0x0000000020000018                USBD_CDC
 .data.USBD_CDC_CfgHSDesc
                0x0000000020000050       0x43 Middlewares/ST/STM32_USB_Device_Library/Class/CDC/Src/usbd_cdc.o
 *fill*         0x0000000020000093        0x1 
 .data.USBD_CDC_CfgFSDesc
                0x0000000020000094       0x43 Middlewares/ST/STM32_USB_Device_Library/Class/CDC/Src/usbd_cdc.o
 *fill*         0x00000000200000d7        0x1 
 .data.USBD_CDC_OtherSpeedCfgDesc
                0x00000000200000d8       0x43 Middlewares/ST/STM32_USB_Device_Library/Class/CDC/Src/usbd_cdc.o
 *fill*         0x000000002000011b        0x1 
 .data.USBD_Interface_fops_FS
                0x000000002000011c       0x14 USB_DEVICE/App/usbd_cdc_if.o
                0x000000002000011c                USBD_Interface_fops_FS
 .data.FS_Desc  0x0000000020000130       0x20 USB_DEVICE/App/usbd_desc.o
                0x0000000020000130                FS_Desc
 .data.USBD_FS_DeviceDesc
                0x0000000020000150       0x12 USB_DEVICE/App/usbd_desc.o
                0x0000000020000150                USBD_FS_DeviceDesc
 *fill*         0x0000000020000162        0x2 
 .data.USBD_FS_BOSDesc
                0x0000000020000164        0xc USB_DEVICE/App/usbd_desc.o
                0x0000000020000164                USBD_FS_BOSDesc
 .data.USBD_LangIDDesc
                0x0000000020000170        0x4 USB_DEVICE/App/usbd_desc.o
                0x0000000020000170                USBD_LangIDDesc
 .data.USBD_StringSerial
                0x0000000020000174       0x1a USB_DEVICE/App/usbd_desc.o
                0x0000000020000174                USBD_StringSerial
 *fill*         0x000000002000018e        0x2 
 .data._impure_ptr
                0x0000000020000190        0x4 /opt/stm32cubeide/plugins/com.st.stm32cube.ide.mcu.externaltools.gnu-tools-for-stm32.7-2018-q2-update.linux64_1.4.0.202007081208/tools/bin/../lib/gcc/arm-none-eabi/7.3.1/../../../../arm-none-eabi/lib/thumb/v7e-m/fpv4-sp/hard/libc_nano.a(lib_a-impure.o)
                0x0000000020000190                _impure_ptr
 .data.impure_data
                0x0000000020000194       0x60 /opt/stm32cubeide/plugins/com.st.stm32cube.ide.mcu.externaltools.gnu-tools-for-stm32.7-2018-q2-update.linux64_1.4.0.202007081208/tools/bin/../lib/gcc/arm-none-eabi/7.3.1/../../../../arm-none-eabi/lib/thumb/v7e-m/fpv4-sp/hard/libc_nano.a(lib_a-impure.o)
                0x00000000200001f4                . = ALIGN (0x4)
                0x00000000200001f4                _edata = .

.igot.plt       0x00000000200001f4        0x0 load address 0x000000000800995c
 .igot.plt      0x00000000200001f4        0x0 /opt/stm32cubeide/plugins/com.st.stm32cube.ide.mcu.externaltools.gnu-tools-for-stm32.7-2018-q2-update.linux64_1.4.0.202007081208/tools/bin/../lib/gcc/arm-none-eabi/7.3.1/thumb/v7e-m/fpv4-sp/hard/crtbegin.o
                0x00000000200001f4                . = ALIGN (0x4)

.bss            0x00000000200001f4     0x1a54 load address 0x000000000800995c
                0x00000000200001f4                _sbss = .
                0x00000000200001f4                __bss_start__ = _sbss
 *(.bss)
 .bss           0x00000000200001f4       0x1c /opt/stm32cubeide/plugins/com.st.stm32cube.ide.mcu.externaltools.gnu-tools-for-stm32.7-2018-q2-update.linux64_1.4.0.202007081208/tools/bin/../lib/gcc/arm-none-eabi/7.3.1/thumb/v7e-m/fpv4-sp/hard/crtbegin.o
 *(.bss*)
 .bss.Filter    0x0000000020000210       0x28 Core/Src/can.o
 .bss.Prescaler
                0x0000000020000238        0x4 Core/Src/can.o
 .bss.LED_LastOn_Red
                0x000000002000023c        0x4 Core/Src/led.o
 .bss.LED_LastOff_Red
                0x0000000020000240        0x4 Core/Src/led.o
 .bss.LED_LastOn_Green
                0x0000000020000244        0x4 Core/Src/led.o
 .bss.LED_LastOff_Green
                0x0000000020000248        0x4 Core/Src/led.o
 .bss.LED_LastOn_Blue
                0x000000002000024c        0x4 Core/Src/led.o
 .bss.LED_LastOff_Blue
                0x0000000020000250        0x4 Core/Src/led.o
 .bss.FilterBuf
                0x0000000020000254       0x14 Core/Src/slcan.o
 .bss.StatusBuf
                0x0000000020000268        0xb Core/Src/slcan.o
 *fill*         0x0000000020000273        0x1 
 .bss.NextFilterID
                0x0000000020000274        0x4 Core/Src/slcan.o
 .bss.NextFilterMask
                0x0000000020000278        0x4 Core/Src/slcan.o
 .bss.SetTimestamp
                0x000000002000027c        0x1 Core/Src/slcan.o
 *fill*         0x000000002000027d        0x3 
 .bss.SLCAN_CurrentFilterID
                0x0000000020000280        0x4 Core/Src/slcan.o
                0x0000000020000280                SLCAN_CurrentFilterID
 .bss.SLCAN_CurrentFilterMask
                0x0000000020000284        0x4 Core/Src/slcan.o
                0x0000000020000284                SLCAN_CurrentFilterMask
 .bss.__sbrk_heap_end
                0x0000000020000288        0x4 Core/Src/sysmem.o
 .bss.cfgidx.10076
                0x000000002000028c        0x1 Middlewares/ST/STM32_USB_Device_Library/Core/Src/usbd_ctlreq.o
 .bss.SLCAN_StrIndex
                0x000000002000028d        0x1 USB_DEVICE/App/usbd_cdc_if.o
                0x000000002000028d                SLCAN_StrIndex
 *fill*         0x000000002000028e        0x2 
 .bss.__malloc_free_list
                0x0000000020000290        0x4 /opt/stm32cubeide/plugins/com.st.stm32cube.ide.mcu.externaltools.gnu-tools-for-stm32.7-2018-q2-update.linux64_1.4.0.202007081208/tools/bin/../lib/gcc/arm-none-eabi/7.3.1/../../../../arm-none-eabi/lib/thumb/v7e-m/fpv4-sp/hard/libc_nano.a(lib_a-nano-mallocr.o)
                0x0000000020000290                __malloc_free_list
 .bss.__malloc_sbrk_start
                0x0000000020000294        0x4 /opt/stm32cubeide/plugins/com.st.stm32cube.ide.mcu.externaltools.gnu-tools-for-stm32.7-2018-q2-update.linux64_1.4.0.202007081208/tools/bin/../lib/gcc/arm-none-eabi/7.3.1/../../../../arm-none-eabi/lib/thumb/v7e-m/fpv4-sp/hard/libc_nano.a(lib_a-nano-mallocr.o)
                0x0000000020000294                __malloc_sbrk_start
 *(COMMON)
 COMMON         0x0000000020000298       0x68 Core/Src/main.o
                0x0000000020000298                huart3
                0x00000000200002d8                hcan1
 COMMON         0x0000000020000300       0x3e Core/Src/slcan.o
                0x0000000020000300                SLCAN_CommandStringRx
                0x0000000020000320                SLCAN_CommandStringTx
 *fill*         0x000000002000033e        0x2 
 COMMON         0x0000000020000340        0x4 Drivers/STM32F4xx_HAL_Driver/Src/stm32f4xx_hal.o
                0x0000000020000340                uwTick
 COMMON         0x0000000020000344      0x2d0 USB_DEVICE/App/usb_device.o
                0x0000000020000344                hUsbDeviceFS
 COMMON         0x0000000020000614     0x1025 USB_DEVICE/App/usbd_cdc_if.o
                0x0000000020000614                CAN_TX_MAILBOX_USED
                0x0000000020000618                UserRxBufferFS
                0x0000000020000e18                UserTxBufferFS
                0x0000000020001618                data
                0x0000000020001620                header
                0x0000000020001638                status
 *fill*         0x0000000020001639        0x3 
 COMMON         0x000000002000163c      0x200 USB_DEVICE/App/usbd_desc.o
                0x000000002000163c                USBD_StrDesc
 COMMON         0x000000002000183c      0x408 USB_DEVICE/Target/usbd_conf.o
                0x000000002000183c                hpcd_USB_OTG_FS
 COMMON         0x0000000020001c44        0x4 /opt/stm32cubeide/plugins/com.st.stm32cube.ide.mcu.externaltools.gnu-tools-for-stm32.7-2018-q2-update.linux64_1.4.0.202007081208/tools/bin/../lib/gcc/arm-none-eabi/7.3.1/../../../../arm-none-eabi/lib/thumb/v7e-m/fpv4-sp/hard/libc_nano.a(lib_a-reent.o)
                0x0000000020001c44                errno
                0x0000000020001c48                . = ALIGN (0x4)
                0x0000000020001c48                _ebss = .
                0x0000000020001c48                __bss_end__ = _ebss

._user_heap_stack
                0x0000000020001c48      0x600 load address 0x000000000800995c
                0x0000000020001c48                . = ALIGN (0x8)
                [!provide]                        PROVIDE (end = .)
                0x0000000020001c48                PROVIDE (_end = .)
                0x0000000020001e48                . = (. + _Min_Heap_Size)
 *fill*         0x0000000020001c48      0x200 
                0x0000000020002248                . = (. + _Min_Stack_Size)
 *fill*         0x0000000020001e48      0x400 
                0x0000000020002248                . = ALIGN (0x8)

/DISCARD/
 libc.a(*)
 libm.a(*)
 libgcc.a(*)

.ARM.attributes
                0x0000000000000000       0x30
 *(.ARM.attributes)
 .ARM.attributes
                0x0000000000000000       0x22 /opt/stm32cubeide/plugins/com.st.stm32cube.ide.mcu.externaltools.gnu-tools-for-stm32.7-2018-q2-update.linux64_1.4.0.202007081208/tools/bin/../lib/gcc/arm-none-eabi/7.3.1/thumb/v7e-m/fpv4-sp/hard/crti.o
 .ARM.attributes
                0x0000000000000022       0x34 /opt/stm32cubeide/plugins/com.st.stm32cube.ide.mcu.externaltools.gnu-tools-for-stm32.7-2018-q2-update.linux64_1.4.0.202007081208/tools/bin/../lib/gcc/arm-none-eabi/7.3.1/thumb/v7e-m/fpv4-sp/hard/crtbegin.o
 .ARM.attributes
                0x0000000000000056       0x39 Core/Src/can.o
 .ARM.attributes
                0x000000000000008f       0x39 Core/Src/led.o
 .ARM.attributes
                0x00000000000000c8       0x39 Core/Src/main.o
 .ARM.attributes
                0x0000000000000101       0x39 Core/Src/slcan.o
 .ARM.attributes
                0x000000000000013a       0x39 Core/Src/stm32f4xx_hal_msp.o
 .ARM.attributes
                0x0000000000000173       0x39 Core/Src/stm32f4xx_it.o
 .ARM.attributes
                0x00000000000001ac       0x39 Core/Src/sysmem.o
 .ARM.attributes
                0x00000000000001e5       0x39 Core/Src/system_stm32f4xx.o
 .ARM.attributes
                0x000000000000021e       0x21 Core/Startup/startup_stm32f446zetx.o
 .ARM.attributes
                0x000000000000023f       0x39 Drivers/STM32F4xx_HAL_Driver/Src/stm32f4xx_hal.o
 .ARM.attributes
                0x0000000000000278       0x39 Drivers/STM32F4xx_HAL_Driver/Src/stm32f4xx_hal_can.o
 .ARM.attributes
                0x00000000000002b1       0x39 Drivers/STM32F4xx_HAL_Driver/Src/stm32f4xx_hal_cortex.o
 .ARM.attributes
                0x00000000000002ea       0x39 Drivers/STM32F4xx_HAL_Driver/Src/stm32f4xx_hal_gpio.o
 .ARM.attributes
                0x0000000000000323       0x39 Drivers/STM32F4xx_HAL_Driver/Src/stm32f4xx_hal_pcd.o
 .ARM.attributes
                0x000000000000035c       0x39 Drivers/STM32F4xx_HAL_Driver/Src/stm32f4xx_hal_pcd_ex.o
 .ARM.attributes
                0x0000000000000395       0x39 Drivers/STM32F4xx_HAL_Driver/Src/stm32f4xx_hal_rcc.o
 .ARM.attributes
                0x00000000000003ce       0x39 Drivers/STM32F4xx_HAL_Driver/Src/stm32f4xx_hal_rcc_ex.o
 .ARM.attributes
                0x0000000000000407       0x39 Drivers/STM32F4xx_HAL_Driver/Src/stm32f4xx_hal_uart.o
 .ARM.attributes
                0x0000000000000440       0x39 Drivers/STM32F4xx_HAL_Driver/Src/stm32f4xx_ll_usb.o
 .ARM.attributes
                0x0000000000000479       0x39 Middlewares/ST/STM32_USB_Device_Library/Class/CDC/Src/usbd_cdc.o
 .ARM.attributes
                0x00000000000004b2       0x39 Middlewares/ST/STM32_USB_Device_Library/Core/Src/usbd_core.o
 .ARM.attributes
                0x00000000000004eb       0x39 Middlewares/ST/STM32_USB_Device_Library/Core/Src/usbd_ctlreq.o
 .ARM.attributes
                0x0000000000000524       0x39 Middlewares/ST/STM32_USB_Device_Library/Core/Src/usbd_ioreq.o
 .ARM.attributes
                0x000000000000055d       0x39 USB_DEVICE/App/usb_device.o
 .ARM.attributes
                0x0000000000000596       0x39 USB_DEVICE/App/usbd_cdc_if.o
 .ARM.attributes
                0x00000000000005cf       0x39 USB_DEVICE/App/usbd_desc.o
 .ARM.attributes
                0x0000000000000608       0x39 USB_DEVICE/Target/usbd_conf.o
 .ARM.attributes
                0x0000000000000641       0x34 /opt/stm32cubeide/plugins/com.st.stm32cube.ide.mcu.externaltools.gnu-tools-for-stm32.7-2018-q2-update.linux64_1.4.0.202007081208/tools/bin/../lib/gcc/arm-none-eabi/7.3.1/../../../../arm-none-eabi/lib/thumb/v7e-m/fpv4-sp/hard/libc_nano.a(lib_a-errno.o)
 .ARM.attributes
                0x0000000000000675       0x34 /opt/stm32cubeide/plugins/com.st.stm32cube.ide.mcu.externaltools.gnu-tools-for-stm32.7-2018-q2-update.linux64_1.4.0.202007081208/tools/bin/../lib/gcc/arm-none-eabi/7.3.1/../../../../arm-none-eabi/lib/thumb/v7e-m/fpv4-sp/hard/libc_nano.a(lib_a-impure.o)
 .ARM.attributes
                0x00000000000006a9       0x34 /opt/stm32cubeide/plugins/com.st.stm32cube.ide.mcu.externaltools.gnu-tools-for-stm32.7-2018-q2-update.linux64_1.4.0.202007081208/tools/bin/../lib/gcc/arm-none-eabi/7.3.1/../../../../arm-none-eabi/lib/thumb/v7e-m/fpv4-sp/hard/libc_nano.a(lib_a-init.o)
 .ARM.attributes
                0x00000000000006dd       0x34 /opt/stm32cubeide/plugins/com.st.stm32cube.ide.mcu.externaltools.gnu-tools-for-stm32.7-2018-q2-update.linux64_1.4.0.202007081208/tools/bin/../lib/gcc/arm-none-eabi/7.3.1/../../../../arm-none-eabi/lib/thumb/v7e-m/fpv4-sp/hard/libc_nano.a(lib_a-malloc.o)
 .ARM.attributes
                0x0000000000000711       0x34 /opt/stm32cubeide/plugins/com.st.stm32cube.ide.mcu.externaltools.gnu-tools-for-stm32.7-2018-q2-update.linux64_1.4.0.202007081208/tools/bin/../lib/gcc/arm-none-eabi/7.3.1/../../../../arm-none-eabi/lib/thumb/v7e-m/fpv4-sp/hard/libc_nano.a(lib_a-memset.o)
 .ARM.attributes
                0x0000000000000745       0x34 /opt/stm32cubeide/plugins/com.st.stm32cube.ide.mcu.externaltools.gnu-tools-for-stm32.7-2018-q2-update.linux64_1.4.0.202007081208/tools/bin/../lib/gcc/arm-none-eabi/7.3.1/../../../../arm-none-eabi/lib/thumb/v7e-m/fpv4-sp/hard/libc_nano.a(lib_a-nano-freer.o)
 .ARM.attributes
                0x0000000000000779       0x34 /opt/stm32cubeide/plugins/com.st.stm32cube.ide.mcu.externaltools.gnu-tools-for-stm32.7-2018-q2-update.linux64_1.4.0.202007081208/tools/bin/../lib/gcc/arm-none-eabi/7.3.1/../../../../arm-none-eabi/lib/thumb/v7e-m/fpv4-sp/hard/libc_nano.a(lib_a-nano-mallocr.o)
 .ARM.attributes
                0x00000000000007ad       0x34 /opt/stm32cubeide/plugins/com.st.stm32cube.ide.mcu.externaltools.gnu-tools-for-stm32.7-2018-q2-update.linux64_1.4.0.202007081208/tools/bin/../lib/gcc/arm-none-eabi/7.3.1/../../../../arm-none-eabi/lib/thumb/v7e-m/fpv4-sp/hard/libc_nano.a(lib_a-sbrkr.o)
 .ARM.attributes
                0x00000000000007e1       0x34 /opt/stm32cubeide/plugins/com.st.stm32cube.ide.mcu.externaltools.gnu-tools-for-stm32.7-2018-q2-update.linux64_1.4.0.202007081208/tools/bin/../lib/gcc/arm-none-eabi/7.3.1/../../../../arm-none-eabi/lib/thumb/v7e-m/fpv4-sp/hard/libc_nano.a(lib_a-mlock.o)
 .ARM.attributes
                0x0000000000000815       0x34 /opt/stm32cubeide/plugins/com.st.stm32cube.ide.mcu.externaltools.gnu-tools-for-stm32.7-2018-q2-update.linux64_1.4.0.202007081208/tools/bin/../lib/gcc/arm-none-eabi/7.3.1/../../../../arm-none-eabi/lib/thumb/v7e-m/fpv4-sp/hard/libc_nano.a(lib_a-reent.o)
 .ARM.attributes
                0x0000000000000849       0x22 /opt/stm32cubeide/plugins/com.st.stm32cube.ide.mcu.externaltools.gnu-tools-for-stm32.7-2018-q2-update.linux64_1.4.0.202007081208/tools/bin/../lib/gcc/arm-none-eabi/7.3.1/thumb/v7e-m/fpv4-sp/hard/libgcc.a(_aeabi_uldivmod.o)
 .ARM.attributes
                0x000000000000086b       0x34 /opt/stm32cubeide/plugins/com.st.stm32cube.ide.mcu.externaltools.gnu-tools-for-stm32.7-2018-q2-update.linux64_1.4.0.202007081208/tools/bin/../lib/gcc/arm-none-eabi/7.3.1/thumb/v7e-m/fpv4-sp/hard/libgcc.a(_udivmoddi4.o)
 .ARM.attributes
                0x000000000000089f       0x22 /opt/stm32cubeide/plugins/com.st.stm32cube.ide.mcu.externaltools.gnu-tools-for-stm32.7-2018-q2-update.linux64_1.4.0.202007081208/tools/bin/../lib/gcc/arm-none-eabi/7.3.1/thumb/v7e-m/fpv4-sp/hard/libgcc.a(_dvmd_tls.o)
 .ARM.attributes
                0x00000000000008c1       0x22 /opt/stm32cubeide/plugins/com.st.stm32cube.ide.mcu.externaltools.gnu-tools-for-stm32.7-2018-q2-update.linux64_1.4.0.202007081208/tools/bin/../lib/gcc/arm-none-eabi/7.3.1/thumb/v7e-m/fpv4-sp/hard/crtn.o
OUTPUT(cantact-nucleo.elf elf32-littlearm)

.debug_info     0x0000000000000000    0x18dbe
 .debug_info    0x0000000000000000      0x7ae Core/Src/can.o
 .debug_info    0x00000000000007ae      0x2e2 Core/Src/led.o
 .debug_info    0x0000000000000a90     0x1fcf Core/Src/main.o
 .debug_info    0x0000000000002a5f     0x1678 Core/Src/slcan.o
 .debug_info    0x00000000000040d7      0xda6 Core/Src/stm32f4xx_hal_msp.o
 .debug_info    0x0000000000004e7d      0x6d3 Core/Src/stm32f4xx_it.o
 .debug_info    0x0000000000005550      0x985 Core/Src/sysmem.o
 .debug_info    0x0000000000005ed5      0x588 Core/Src/system_stm32f4xx.o
 .debug_info    0x000000000000645d       0x22 Core/Startup/startup_stm32f446zetx.o
 .debug_info    0x000000000000647f      0x997 Drivers/STM32F4xx_HAL_Driver/Src/stm32f4xx_hal.o
 .debug_info    0x0000000000006e16      0xfad Drivers/STM32F4xx_HAL_Driver/Src/stm32f4xx_hal_can.o
 .debug_info    0x0000000000007dc3      0xe46 Drivers/STM32F4xx_HAL_Driver/Src/stm32f4xx_hal_cortex.o
 .debug_info    0x0000000000008c09      0x803 Drivers/STM32F4xx_HAL_Driver/Src/stm32f4xx_hal_gpio.o
 .debug_info    0x000000000000940c     0x1228 Drivers/STM32F4xx_HAL_Driver/Src/stm32f4xx_hal_pcd.o
 .debug_info    0x000000000000a634      0x823 Drivers/STM32F4xx_HAL_Driver/Src/stm32f4xx_hal_pcd_ex.o
 .debug_info    0x000000000000ae57      0x944 Drivers/STM32F4xx_HAL_Driver/Src/stm32f4xx_hal_rcc.o
 .debug_info    0x000000000000b79b      0x9d5 Drivers/STM32F4xx_HAL_Driver/Src/stm32f4xx_hal_rcc_ex.o
 .debug_info    0x000000000000c170     0x124c Drivers/STM32F4xx_HAL_Driver/Src/stm32f4xx_hal_uart.o
 .debug_info    0x000000000000d3bc     0x193b Drivers/STM32F4xx_HAL_Driver/Src/stm32f4xx_ll_usb.o
 .debug_info    0x000000000000ecf7     0x186a Middlewares/ST/STM32_USB_Device_Library/Class/CDC/Src/usbd_cdc.o
 .debug_info    0x0000000000010561     0x1291 Middlewares/ST/STM32_USB_Device_Library/Core/Src/usbd_core.o
 .debug_info    0x00000000000117f2     0x1249 Middlewares/ST/STM32_USB_Device_Library/Core/Src/usbd_ctlreq.o
 .debug_info    0x0000000000012a3b      0xf94 Middlewares/ST/STM32_USB_Device_Library/Core/Src/usbd_ioreq.o
 .debug_info    0x00000000000139cf      0xf07 USB_DEVICE/App/usb_device.o
 .debug_info    0x00000000000148d6     0x161c USB_DEVICE/App/usbd_cdc_if.o
 .debug_info    0x0000000000015ef2      0xd87 USB_DEVICE/App/usbd_desc.o
 .debug_info    0x0000000000016c79     0x2145 USB_DEVICE/Target/usbd_conf.o

.debug_abbrev   0x0000000000000000     0x3724
 .debug_abbrev  0x0000000000000000      0x192 Core/Src/can.o
 .debug_abbrev  0x0000000000000192       0xf5 Core/Src/led.o
 .debug_abbrev  0x0000000000000287      0x2da Core/Src/main.o
 .debug_abbrev  0x0000000000000561      0x27e Core/Src/slcan.o
 .debug_abbrev  0x00000000000007df      0x1b7 Core/Src/stm32f4xx_hal_msp.o
 .debug_abbrev  0x0000000000000996      0x164 Core/Src/stm32f4xx_it.o
 .debug_abbrev  0x0000000000000afa      0x19b Core/Src/sysmem.o
 .debug_abbrev  0x0000000000000c95      0x12b Core/Src/system_stm32f4xx.o
 .debug_abbrev  0x0000000000000dc0       0x12 Core/Startup/startup_stm32f446zetx.o
 .debug_abbrev  0x0000000000000dd2      0x1c7 Drivers/STM32F4xx_HAL_Driver/Src/stm32f4xx_hal.o
 .debug_abbrev  0x0000000000000f99      0x21d Drivers/STM32F4xx_HAL_Driver/Src/stm32f4xx_hal_can.o
 .debug_abbrev  0x00000000000011b6      0x2fa Drivers/STM32F4xx_HAL_Driver/Src/stm32f4xx_hal_cortex.o
 .debug_abbrev  0x00000000000014b0      0x1c9 Drivers/STM32F4xx_HAL_Driver/Src/stm32f4xx_hal_gpio.o
 .debug_abbrev  0x0000000000001679      0x266 Drivers/STM32F4xx_HAL_Driver/Src/stm32f4xx_hal_pcd.o
 .debug_abbrev  0x00000000000018df      0x1cf Drivers/STM32F4xx_HAL_Driver/Src/stm32f4xx_hal_pcd_ex.o
 .debug_abbrev  0x0000000000001aae      0x245 Drivers/STM32F4xx_HAL_Driver/Src/stm32f4xx_hal_rcc.o
 .debug_abbrev  0x0000000000001cf3      0x1bc Drivers/STM32F4xx_HAL_Driver/Src/stm32f4xx_hal_rcc_ex.o
 .debug_abbrev  0x0000000000001eaf      0x242 Drivers/STM32F4xx_HAL_Driver/Src/stm32f4xx_hal_uart.o
 .debug_abbrev  0x00000000000020f1      0x26d Drivers/STM32F4xx_HAL_Driver/Src/stm32f4xx_ll_usb.o
 .debug_abbrev  0x000000000000235e      0x2bc Middlewares/ST/STM32_USB_Device_Library/Class/CDC/Src/usbd_cdc.o
 .debug_abbrev  0x000000000000261a      0x27d Middlewares/ST/STM32_USB_Device_Library/Core/Src/usbd_core.o
 .debug_abbrev  0x0000000000002897      0x2ba Middlewares/ST/STM32_USB_Device_Library/Core/Src/usbd_ctlreq.o
 .debug_abbrev  0x0000000000002b51      0x1fc Middlewares/ST/STM32_USB_Device_Library/Core/Src/usbd_ioreq.o
 .debug_abbrev  0x0000000000002d4d      0x1da USB_DEVICE/App/usb_device.o
 .debug_abbrev  0x0000000000002f27      0x2d9 USB_DEVICE/App/usbd_cdc_if.o
 .debug_abbrev  0x0000000000003200      0x265 USB_DEVICE/App/usbd_desc.o
 .debug_abbrev  0x0000000000003465      0x2bf USB_DEVICE/Target/usbd_conf.o

.debug_aranges  0x0000000000000000      0xf98
 .debug_aranges
                0x0000000000000000       0x40 Core/Src/can.o
 .debug_aranges
                0x0000000000000040       0x40 Core/Src/led.o
 .debug_aranges
                0x0000000000000080       0x50 Core/Src/main.o
 .debug_aranges
                0x00000000000000d0       0x30 Core/Src/slcan.o
 .debug_aranges
                0x0000000000000100       0x40 Core/Src/stm32f4xx_hal_msp.o
 .debug_aranges
                0x0000000000000140       0x68 Core/Src/stm32f4xx_it.o
 .debug_aranges
                0x00000000000001a8       0x20 Core/Src/sysmem.o
 .debug_aranges
                0x00000000000001c8       0x28 Core/Src/system_stm32f4xx.o
 .debug_aranges
                0x00000000000001f0       0x28 Core/Startup/startup_stm32f446zetx.o
 .debug_aranges
                0x0000000000000218       0xf0 Drivers/STM32F4xx_HAL_Driver/Src/stm32f4xx_hal.o
 .debug_aranges
                0x0000000000000308      0x138 Drivers/STM32F4xx_HAL_Driver/Src/stm32f4xx_hal_can.o
 .debug_aranges
                0x0000000000000440      0x118 Drivers/STM32F4xx_HAL_Driver/Src/stm32f4xx_hal_cortex.o
 .debug_aranges
                0x0000000000000558       0x58 Drivers/STM32F4xx_HAL_Driver/Src/stm32f4xx_hal_gpio.o
 .debug_aranges
                0x00000000000005b0      0x138 Drivers/STM32F4xx_HAL_Driver/Src/stm32f4xx_hal_pcd.o
 .debug_aranges
                0x00000000000006e8       0x48 Drivers/STM32F4xx_HAL_Driver/Src/stm32f4xx_hal_pcd_ex.o
 .debug_aranges
                0x0000000000000730       0x88 Drivers/STM32F4xx_HAL_Driver/Src/stm32f4xx_hal_rcc.o
 .debug_aranges
                0x00000000000007b8       0x78 Drivers/STM32F4xx_HAL_Driver/Src/stm32f4xx_hal_rcc_ex.o
 .debug_aranges
                0x0000000000000830      0x1d0 Drivers/STM32F4xx_HAL_Driver/Src/stm32f4xx_hal_uart.o
 .debug_aranges
                0x0000000000000a00      0x198 Drivers/STM32F4xx_HAL_Driver/Src/stm32f4xx_ll_usb.o
 .debug_aranges
                0x0000000000000b98       0x90 Middlewares/ST/STM32_USB_Device_Library/Class/CDC/Src/usbd_cdc.o
 .debug_aranges
                0x0000000000000c28       0xb8 Middlewares/ST/STM32_USB_Device_Library/Core/Src/usbd_core.o
 .debug_aranges
                0x0000000000000ce0       0x90 Middlewares/ST/STM32_USB_Device_Library/Core/Src/usbd_ctlreq.o
 .debug_aranges
                0x0000000000000d70       0x50 Middlewares/ST/STM32_USB_Device_Library/Core/Src/usbd_ioreq.o
 .debug_aranges
                0x0000000000000dc0       0x20 USB_DEVICE/App/usb_device.o
 .debug_aranges
                0x0000000000000de0       0x48 USB_DEVICE/App/usbd_cdc_if.o
 .debug_aranges
                0x0000000000000e28       0x68 USB_DEVICE/App/usbd_desc.o
 .debug_aranges
                0x0000000000000e90      0x108 USB_DEVICE/Target/usbd_conf.o

.debug_ranges   0x0000000000000000      0xdf0
 .debug_ranges  0x0000000000000000       0x30 Core/Src/can.o
 .debug_ranges  0x0000000000000030       0x30 Core/Src/led.o
 .debug_ranges  0x0000000000000060       0x40 Core/Src/main.o
 .debug_ranges  0x00000000000000a0       0x20 Core/Src/slcan.o
 .debug_ranges  0x00000000000000c0       0x30 Core/Src/stm32f4xx_hal_msp.o
 .debug_ranges  0x00000000000000f0       0x58 Core/Src/stm32f4xx_it.o
 .debug_ranges  0x0000000000000148       0x10 Core/Src/sysmem.o
 .debug_ranges  0x0000000000000158       0x18 Core/Src/system_stm32f4xx.o
 .debug_ranges  0x0000000000000170       0x20 Core/Startup/startup_stm32f446zetx.o
 .debug_ranges  0x0000000000000190       0xe0 Drivers/STM32F4xx_HAL_Driver/Src/stm32f4xx_hal.o
 .debug_ranges  0x0000000000000270      0x128 Drivers/STM32F4xx_HAL_Driver/Src/stm32f4xx_hal_can.o
 .debug_ranges  0x0000000000000398      0x108 Drivers/STM32F4xx_HAL_Driver/Src/stm32f4xx_hal_cortex.o
 .debug_ranges  0x00000000000004a0       0x48 Drivers/STM32F4xx_HAL_Driver/Src/stm32f4xx_hal_gpio.o
 .debug_ranges  0x00000000000004e8      0x128 Drivers/STM32F4xx_HAL_Driver/Src/stm32f4xx_hal_pcd.o
 .debug_ranges  0x0000000000000610       0x38 Drivers/STM32F4xx_HAL_Driver/Src/stm32f4xx_hal_pcd_ex.o
 .debug_ranges  0x0000000000000648       0x78 Drivers/STM32F4xx_HAL_Driver/Src/stm32f4xx_hal_rcc.o
 .debug_ranges  0x00000000000006c0       0x68 Drivers/STM32F4xx_HAL_Driver/Src/stm32f4xx_hal_rcc_ex.o
 .debug_ranges  0x0000000000000728      0x1c0 Drivers/STM32F4xx_HAL_Driver/Src/stm32f4xx_hal_uart.o
 .debug_ranges  0x00000000000008e8      0x188 Drivers/STM32F4xx_HAL_Driver/Src/stm32f4xx_ll_usb.o
 .debug_ranges  0x0000000000000a70       0x80 Middlewares/ST/STM32_USB_Device_Library/Class/CDC/Src/usbd_cdc.o
 .debug_ranges  0x0000000000000af0       0xa8 Middlewares/ST/STM32_USB_Device_Library/Core/Src/usbd_core.o
 .debug_ranges  0x0000000000000b98       0x80 Middlewares/ST/STM32_USB_Device_Library/Core/Src/usbd_ctlreq.o
 .debug_ranges  0x0000000000000c18       0x40 Middlewares/ST/STM32_USB_Device_Library/Core/Src/usbd_ioreq.o
 .debug_ranges  0x0000000000000c58       0x10 USB_DEVICE/App/usb_device.o
 .debug_ranges  0x0000000000000c68       0x38 USB_DEVICE/App/usbd_cdc_if.o
 .debug_ranges  0x0000000000000ca0       0x58 USB_DEVICE/App/usbd_desc.o
 .debug_ranges  0x0000000000000cf8       0xf8 USB_DEVICE/Target/usbd_conf.o

.debug_macro    0x0000000000000000    0x252d7
 .debug_macro   0x0000000000000000      0x200 Core/Src/can.o
 .debug_macro   0x0000000000000200      0xa5a Core/Src/can.o
 .debug_macro   0x0000000000000c5a      0x29a Core/Src/can.o
 .debug_macro   0x0000000000000ef4       0x2e Core/Src/can.o
 .debug_macro   0x0000000000000f22       0x28 Core/Src/can.o
 .debug_macro   0x0000000000000f4a       0x22 Core/Src/can.o
 .debug_macro   0x0000000000000f6c       0x8e Core/Src/can.o
 .debug_macro   0x0000000000000ffa       0x51 Core/Src/can.o
 .debug_macro   0x000000000000104b       0xef Core/Src/can.o
 .debug_macro   0x000000000000113a       0x6a Core/Src/can.o
 .debug_macro   0x00000000000011a4      0x1df Core/Src/can.o
 .debug_macro   0x0000000000001383       0x1c Core/Src/can.o
 .debug_macro   0x000000000000139f       0x22 Core/Src/can.o
 .debug_macro   0x00000000000013c1       0xdf Core/Src/can.o
 .debug_macro   0x00000000000014a0     0x102d Core/Src/can.o
 .debug_macro   0x00000000000024cd      0x11f Core/Src/can.o
 .debug_macro   0x00000000000025ec    0x1672d Core/Src/can.o
 .debug_macro   0x0000000000018d19       0x43 Core/Src/can.o
 .debug_macro   0x0000000000018d5c     0x3659 Core/Src/can.o
 .debug_macro   0x000000000001c3b5      0x174 Core/Src/can.o
 .debug_macro   0x000000000001c529       0x5a Core/Src/can.o
 .debug_macro   0x000000000001c583      0xc90 Core/Src/can.o
 .debug_macro   0x000000000001d213      0x9fe Core/Src/can.o
 .debug_macro   0x000000000001dc11      0x117 Core/Src/can.o
 .debug_macro   0x000000000001dd28      0x1a0 Core/Src/can.o
 .debug_macro   0x000000000001dec8       0x27 Core/Src/can.o
 .debug_macro   0x000000000001deef      0x16d Core/Src/can.o
 .debug_macro   0x000000000001e05c      0x287 Core/Src/can.o
 .debug_macro   0x000000000001e2e3       0x5f Core/Src/can.o
 .debug_macro   0x000000000001e342      0x236 Core/Src/can.o
 .debug_macro   0x000000000001e578      0x40f Core/Src/can.o
 .debug_macro   0x000000000001e987      0x132 Core/Src/can.o
 .debug_macro   0x000000000001eab9      0x29c Core/Src/can.o
 .debug_macro   0x000000000001ed55       0x2e Core/Src/can.o
 .debug_macro   0x000000000001ed83      0x11a Core/Src/can.o
 .debug_macro   0x000000000001ee9d       0xe8 Core/Src/can.o
 .debug_macro   0x000000000001ef85       0x89 Core/Src/can.o
 .debug_macro   0x000000000001f00e      0x287 Core/Src/can.o
 .debug_macro   0x000000000001f295      0x21e Core/Src/can.o
 .debug_macro   0x000000000001f4b3       0xba Core/Src/can.o
 .debug_macro   0x000000000001f56d      0x126 Core/Src/can.o
 .debug_macro   0x000000000001f693       0x1c Core/Src/can.o
 .debug_macro   0x000000000001f6af       0x46 Core/Src/can.o
 .debug_macro   0x000000000001f6f5      0x1f1 Core/Src/led.o
 .debug_macro   0x000000000001f8e6      0x43b Core/Src/main.o
 .debug_macro   0x000000000001fd21       0xc4 Core/Src/main.o
 .debug_macro   0x000000000001fde5       0x46 Core/Src/main.o
 .debug_macro   0x000000000001fe2b       0x18 Core/Src/main.o
 .debug_macro   0x000000000001fe43       0x3c Core/Src/main.o
 .debug_macro   0x000000000001fe7f       0x34 Core/Src/main.o
 .debug_macro   0x000000000001feb3       0x16 Core/Src/main.o
 .debug_macro   0x000000000001fec9       0x35 Core/Src/main.o
 .debug_macro   0x000000000001fefe      0x32a Core/Src/main.o
 .debug_macro   0x0000000000020228       0x10 Core/Src/main.o
 .debug_macro   0x0000000000020238       0x52 Core/Src/main.o
 .debug_macro   0x000000000002028a       0x1f Core/Src/main.o
 .debug_macro   0x00000000000202a9       0x43 Core/Src/main.o
 .debug_macro   0x00000000000202ec       0x20 Core/Src/main.o
 .debug_macro   0x000000000002030c      0x1a3 Core/Src/main.o
 .debug_macro   0x00000000000204af       0x10 Core/Src/main.o
 .debug_macro   0x00000000000204bf       0x1c Core/Src/main.o
 .debug_macro   0x00000000000204db       0x52 Core/Src/main.o
 .debug_macro   0x000000000002052d       0x40 Core/Src/main.o
 .debug_macro   0x000000000002056d       0x10 Core/Src/main.o
 .debug_macro   0x000000000002057d       0x40 Core/Src/main.o
 .debug_macro   0x00000000000205bd       0xd7 Core/Src/main.o
 .debug_macro   0x0000000000020694       0x1c Core/Src/main.o
 .debug_macro   0x00000000000206b0       0x3d Core/Src/main.o
 .debug_macro   0x00000000000206ed       0x16 Core/Src/main.o
 .debug_macro   0x0000000000020703      0x145 Core/Src/main.o
 .debug_macro   0x0000000000020848       0x16 Core/Src/main.o
 .debug_macro   0x000000000002085e       0x16 Core/Src/main.o
 .debug_macro   0x0000000000020874       0x29 Core/Src/main.o
 .debug_macro   0x000000000002089d       0x16 Core/Src/main.o
 .debug_macro   0x00000000000208b3       0x20 Core/Src/main.o
 .debug_macro   0x00000000000208d3       0x65 Core/Src/main.o
 .debug_macro   0x0000000000020938      0x1c4 Core/Src/main.o
 .debug_macro   0x0000000000020afc       0x8f Core/Src/main.o
 .debug_macro   0x0000000000020b8b       0x10 Core/Src/main.o
 .debug_macro   0x0000000000020b9b       0x1c Core/Src/main.o
 .debug_macro   0x0000000000020bb7       0x22 Core/Src/main.o
 .debug_macro   0x0000000000020bd9      0x42a Core/Src/slcan.o
 .debug_macro   0x0000000000021003       0xca Core/Src/slcan.o
 .debug_macro   0x00000000000210cd      0x1f7 Core/Src/stm32f4xx_hal_msp.o
 .debug_macro   0x00000000000212c4      0x201 Core/Src/stm32f4xx_it.o
 .debug_macro   0x00000000000214c5       0xee Core/Src/sysmem.o
 .debug_macro   0x00000000000215b3      0x23b Core/Src/sysmem.o
 .debug_macro   0x00000000000217ee      0x1ee Core/Src/system_stm32f4xx.o
 .debug_macro   0x00000000000219dc      0x248 Drivers/STM32F4xx_HAL_Driver/Src/stm32f4xx_hal.o
 .debug_macro   0x0000000000021c24      0x1f0 Drivers/STM32F4xx_HAL_Driver/Src/stm32f4xx_hal_can.o
 .debug_macro   0x0000000000021e14      0x1e8 Drivers/STM32F4xx_HAL_Driver/Src/stm32f4xx_hal_cortex.o
 .debug_macro   0x0000000000021ffc      0x21e Drivers/STM32F4xx_HAL_Driver/Src/stm32f4xx_hal_gpio.o
 .debug_macro   0x000000000002221a      0x1f4 Drivers/STM32F4xx_HAL_Driver/Src/stm32f4xx_hal_pcd.o
 .debug_macro   0x000000000002240e      0x1e8 Drivers/STM32F4xx_HAL_Driver/Src/stm32f4xx_hal_pcd_ex.o
 .debug_macro   0x00000000000225f6      0x20c Drivers/STM32F4xx_HAL_Driver/Src/stm32f4xx_hal_rcc.o
 .debug_macro   0x0000000000022802      0x1e8 Drivers/STM32F4xx_HAL_Driver/Src/stm32f4xx_hal_rcc_ex.o
 .debug_macro   0x00000000000229ea      0x1e9 Drivers/STM32F4xx_HAL_Driver/Src/stm32f4xx_hal_uart.o
 .debug_macro   0x0000000000022bd3      0x1e8 Drivers/STM32F4xx_HAL_Driver/Src/stm32f4xx_ll_usb.o
 .debug_macro   0x0000000000022dbb      0x404 Middlewares/ST/STM32_USB_Device_Library/Class/CDC/Src/usbd_cdc.o
 .debug_macro   0x00000000000231bf       0x97 Middlewares/ST/STM32_USB_Device_Library/Class/CDC/Src/usbd_cdc.o
 .debug_macro   0x0000000000023256       0xfd Middlewares/ST/STM32_USB_Device_Library/Class/CDC/Src/usbd_cdc.o
 .debug_macro   0x0000000000023353       0xd9 Middlewares/ST/STM32_USB_Device_Library/Class/CDC/Src/usbd_cdc.o